Component: ARM Compiler 5.06 update 7 (build 960) Tool: armlink [4d3601]

==============================================================================

Section Cross References

    main.o(i.main) refers to misc.o(i.NVIC_PriorityGroupConfig) for NVIC_PriorityGroupConfig
    main.o(i.main) refers to timer.o(i.delay_timer_config) for delay_timer_config
    main.o(i.main) refers to led.o(i.my_led_config) for my_led_config
    main.o(i.main) refers to mb.o(i.eMBInit) for eMBInit
    main.o(i.main) refers to mb.o(i.eMBEnable) for eMBEnable
    main.o(i.main) refers to mb.o(i.eMBPoll) for eMBPoll
    stm32f4xx_it.o(i.ETH_IRQHandler) refers to lwip_comm.o(i.lwip_pkt_handle) for lwip_pkt_handle
    stm32f4xx_it.o(i.ETH_IRQHandler) refers to stm32f4x7_eth.o(i.ETH_GetRxPktSize) for ETH_GetRxPktSize
    stm32f4xx_it.o(i.ETH_IRQHandler) refers to stm32f4x7_eth.o(i.ETH_DMAClearITPendingBit) for ETH_DMAClearITPendingBit
    stm32f4xx_it.o(i.ETH_IRQHandler) refers to stm32f4x7_eth.o(.data) for DMARxDescToGet
    stm32f4xx_it.o(i.TIM1_UP_TIM10_IRQHandler) refers to stm32f4xx_tim.o(i.TIM_GetITStatus) for TIM_GetITStatus
    stm32f4xx_it.o(i.TIM1_UP_TIM10_IRQHandler) refers to stm32f4xx_tim.o(i.TIM_ClearITPendingBit) for TIM_ClearITPendingBit
    stm32f4xx_it.o(i.TIM1_UP_TIM10_IRQHandler) refers to timer.o(i.delay_update) for delay_update
    stm32f4xx_it.o(i.TIM6_DAC_IRQHandler) refers to stm32f4xx_tim.o(i.TIM_GetITStatus) for TIM_GetITStatus
    stm32f4xx_it.o(i.TIM6_DAC_IRQHandler) refers to stm32f4xx_tim.o(i.TIM_ClearITPendingBit) for TIM_ClearITPendingBit
    stm32f4xx_it.o(i.TIM6_DAC_IRQHandler) refers to lwip_comm.o(.data) for g_lwip_localtime
    malloc.o(i.my_free) refers to malloc.o(i.my_mem_free) for my_mem_free
    malloc.o(i.my_free) refers to malloc.o(.data) for g_mem_dev
    malloc.o(i.my_malloc) refers to malloc.o(i.my_mem_malloc) for my_mem_malloc
    malloc.o(i.my_malloc) refers to malloc.o(.data) for g_mem_dev
    malloc.o(i.my_mem_free) refers to malloc.o(.data) for g_mem_dev
    malloc.o(i.my_mem_free) refers to malloc.o(.constdata) for memsize
    malloc.o(i.my_mem_init) refers to malloc.o(i.my_mem_set) for my_mem_set
    malloc.o(i.my_mem_init) refers to malloc.o(.constdata) for memtblsize
    malloc.o(i.my_mem_init) refers to malloc.o(.data) for g_mem_dev
    malloc.o(i.my_mem_malloc) refers to malloc.o(.data) for g_mem_dev
    malloc.o(i.my_mem_malloc) refers to malloc.o(.constdata) for memblksize
    malloc.o(i.my_mem_perused) refers to malloc.o(.data) for g_mem_dev
    malloc.o(i.my_mem_perused) refers to malloc.o(.constdata) for memtblsize
    malloc.o(i.myrealloc) refers to malloc.o(i.my_mem_malloc) for my_mem_malloc
    malloc.o(i.myrealloc) refers to malloc.o(i.my_mem_cpy) for my_mem_cpy
    malloc.o(i.myrealloc) refers to malloc.o(i.my_free) for my_free
    malloc.o(i.myrealloc) refers to malloc.o(.data) for g_mem_dev
    malloc.o(.data) refers to malloc.o(i.my_mem_init) for my_mem_init
    malloc.o(.data) refers to malloc.o(i.my_mem_perused) for my_mem_perused
    malloc.o(.data) refers to malloc.o(.bss) for mem1base
    malloc.o(.data) refers to malloc.o(.ARM.__AT_0xC01F4000) for mem2base
    malloc.o(.data) refers to malloc.o(.ARM.__AT_0x10000000) for mem3base
    malloc.o(.data) refers to malloc.o(.ARM.__AT_0xC01F4400) for mem2mapbase
    malloc.o(.data) refers to malloc.o(.ARM.__AT_0x1000F000) for mem3mapbase
    led.o(i.my_led_config) refers to stm32f4xx_rcc.o(i.RCC_AHB1PeriphClockCmd) for RCC_AHB1PeriphClockCmd
    led.o(i.my_led_config) refers to stm32f4xx_gpio.o(i.GPIO_Init) for GPIO_Init
    led.o(i.my_led_config) refers to stm32f4xx_gpio.o(i.GPIO_SetBits) for GPIO_SetBits
    led.o(i.my_led_toggle) refers to stm32f4xx_gpio.o(i.GPIO_ToggleBits) for GPIO_ToggleBits
    485.o(i.rs485_config) refers to stm32f4xx_rcc.o(i.RCC_AHB1PeriphClockCmd) for RCC_AHB1PeriphClockCmd
    485.o(i.rs485_config) refers to stm32f4xx_gpio.o(i.GPIO_PinAFConfig) for GPIO_PinAFConfig
    485.o(i.rs485_config) refers to stm32f4xx_gpio.o(i.GPIO_Init) for GPIO_Init
    485.o(i.rs485_config) refers to stm32f4xx_rcc.o(i.RCC_APB1PeriphClockCmd) for RCC_APB1PeriphClockCmd
    485.o(i.rs485_config) refers to stm32f4xx_usart.o(i.USART_Init) for USART_Init
    485.o(i.rs485_config) refers to misc.o(i.NVIC_Init) for NVIC_Init
    485.o(i.rs485_config) refers to stm32f4xx_usart.o(i.USART_Cmd) for USART_Cmd
    485.o(i.rs485_config) refers to 485.o(i.rs485_send_byte) for rs485_send_byte
    485.o(i.rs485_config) refers to memseta.o(.text) for __aeabi_memclr
    485.o(i.rs485_config) refers to 485.o(.bss) for g_recv_485_buf
    phy.o(i.dp83848c_config) refers to eth.o(i.my_eth_config) for my_eth_config
    phy.o(i.dp83848c_config) refers to phy.o(i.read_phy_reg) for read_phy_reg
    phy.o(i.dp83848c_config) refers to phy.o(i.get_phy_link_status) for get_phy_link_status
    phy.o(i.dp83848c_config) refers to phy.o(.data) for g_phy_bcr
    phy.o(i.get_phy_link_status) refers to phy.o(i.read_phy_reg) for read_phy_reg
[...]
    ..\Driver\Lwip\src\core\altcp_alloc.c    0x00000000   Number         0  altcp_alloc.o ABSOLUTE
    ..\Driver\Lwip\src\core\altcp_tcp.c      0x00000000   Number         0  altcp_tcp.o ABSOLUTE
    ..\Driver\Lwip\src\core\def.c            0x00000000   Number         0  def.o ABSOLUTE
    ..\Driver\Lwip\src\core\dns.c            0x00000000   Number         0  dns.o ABSOLUTE
    ..\Driver\Lwip\src\core\inet_chksum.c    0x00000000   Number         0  inet_chksum.o ABSOLUTE
    ..\Driver\Lwip\src\core\init.c           0x00000000   Number         0  init.o ABSOLUTE
    ..\Driver\Lwip\src\core\ip.c             0x00000000   Number         0  ip.o ABSOLUTE
    ..\Driver\Lwip\src\core\ipv4\acd.c       0x00000000   Number         0  acd.o ABSOLUTE
    ..\Driver\Lwip\src\core\ipv4\autoip.c    0x00000000   Number         0  autoip.o ABSOLUTE
    ..\Driver\Lwip\src\core\ipv4\dhcp.c      0x00000000   Number         0  dhcp.o ABSOLUTE
    ..\Driver\Lwip\src\core\ipv4\etharp.c    0x00000000   Number         0  etharp.o ABSOLUTE
    ..\Driver\Lwip\src\core\ipv4\icmp.c      0x00000000   Number         0  icmp.o ABSOLUTE
    ..\Driver\Lwip\src\core\ipv4\igmp.c      0x00000000   Number         0  igmp.o ABSOLUTE
    ..\Driver\Lwip\src\core\ipv4\ip4.c       0x00000000   Number         0  ip4.o ABSOLUTE
    ..\Driver\Lwip\src\core\ipv4\ip4_addr.c  0x00000000   Number         0  ip4_addr.o ABSOLUTE
    ..\Driver\Lwip\src\core\ipv4\ip4_frag.c  0x00000000   Number         0  ip4_frag.o ABSOLUTE
    ..\Driver\Lwip\src\core\mem.c            0x00000000   Number         0  mem.o ABSOLUTE
    ..\Driver\Lwip\src\core\memp.c           0x00000000   Number         0  memp.o ABSOLUTE
    ..\Driver\Lwip\src\core\netif.c          0x00000000   Number         0  netif.o ABSOLUTE
    ..\Driver\Lwip\src\core\pbuf.c           0x00000000   Number         0  pbuf.o ABSOLUTE
    ..\Driver\Lwip\src\core\raw.c            0x00000000   Number         0  raw.o ABSOLUTE
    ..\Driver\Lwip\src\core\stats.c          0x00000000   Number         0  stats.o ABSOLUTE
    ..\Driver\Lwip\src\core\sys.c            0x00000000   Number         0  sys.o ABSOLUTE
    ..\Driver\Lwip\src\core\tcp.c            0x00000000   Number         0  tcp.o ABSOLUTE
    ..\Driver\Lwip\src\core\tcp_in.c         0x00000000   Number         0  tcp_in.o ABSOLUTE
    ..\Driver\Lwip\src\core\tcp_out.c        0x00000000   Number         0  tcp_out.o ABSOLUTE
    ..\Driver\Lwip\src\core\timeouts.c       0x00000000   Number         0  timeouts.o ABSOLUTE
    ..\Driver\Lwip\src\core\udp.c            0x00000000   Number         0  udp.o ABSOLUTE
    ..\Driver\Lwip\src\netif\ethernet.c      0x00000000   Number         0  ethernet.o ABSOLUTE
    ..\Driver\Malloc\malloc.c                0x00000000   Number         0  malloc.o ABSOLUTE
    ..\Driver\Peripherals\can.c              0x00000000   Number         0  can.o ABSOLUTE
    ..\Driver\Peripherals\eth.c              0x00000000   Number         0  eth.o ABSOLUTE
    ..\Driver\Peripherals\systick.c          0x00000000   Number         0  systick.o ABSOLUTE
    ..\Driver\Peripherals\timer.c            0x00000000   Number         0  timer.o ABSOLUTE
    ..\Driver\Peripherals\usart.c            0x00000000   Number         0  usart.o ABSOLUTE
    ..\Driver\Peripherals\usb.c              0x00000000   Number         0  usb.o ABSOLUTE
    ..\Driver\Start\startup_stm32f40_41xxx.s 0x00000000   Number         0  startup_stm32f40_41xxx.o ABSOLUTE
    ..\User\main.c                           0x00000000   Number         0  main.o ABSOLUTE
    ..\User\stm32f4xx_it.c                   0x00000000   Number         0  stm32f4xx_it.o ABSOLUTE
    ..\\Driver\\FreeModbus\\ascii\\mbascii.c 0x00000000   Number         0  mbascii.o ABSOLUTE
    ..\\Driver\\FreeModbus\\functions\\mbfunccoils.c 0x00000000   Number         0  mbfunccoils.o ABSOLUTE
    ..\\Driver\\FreeModbus\\functions\\mbfuncdisc.c 0x00000000   Number         0  mbfuncdisc.o ABSOLUTE
    ..\\Driver\\FreeModbus\\functions\\mbfuncholding.c 0x00000000   Number         0  mbfuncholding.o ABSOLUTE
    ..\\Driver\\FreeModbus\\functions\\mbfuncinput.c 0x00000000   Number         0  mbfuncinput.o ABSOLUTE
    ..\\Driver\\FreeModbus\\functions\\mbfuncother.c 0x00000000   Number         0  mbfuncother.o ABSOLUTE
    ..\\Driver\\FreeModbus\\functions\\mbutils.c 0x00000000   Number         0  mbutils.o ABSOLUTE
    ..\\Driver\\FreeModbus\\mb.c             0x00000000   Number         0  mb.o ABSOLUTE
    ..\\Driver\\FreeModbus\\modbus.c         0x00000000   Number         0  modbus.o ABSOLUTE
    ..\\Driver\\FreeModbus\\port\\mbport.c   0x00000000   Number         0  mbport.o ABSOLUTE
    ..\\Driver\\FreeModbus\\port\\portevent.c 0x00000000   Number         0  portevent.o ABSOLUTE
    ..\\Driver\\FreeModbus\\port\\portserial.c 0x00000000   Number         0  portserial.o ABSOLUTE
    ..\\Driver\\FreeModbus\\port\\porttimer.c 0x00000000   Number         0  porttimer.o ABSOLUTE
    ..\\Driver\\FreeModbus\\rtu\\mbcrc.c     0x00000000   Number         0  mbcrc.o ABSOLUTE
    ..\\Driver\\FreeModbus\\rtu\\mbrtu.c     0x00000000   Number         0  mbrtu.o ABSOLUTE
    ..\\Driver\\FreeRTOS\\Source\\portable\\RVDS\\ARM_CM4F\\port.c 0x00000000   Number         0  port.o ABSOLUTE
    ..\\Driver\\Hardware\\485.c              0x00000000   Number         0  485.o ABSOLUTE
    ..\\Driver\\Hardware\\led.c              0x00000000   Number         0  led.o ABSOLUTE
    ..\\Driver\\Hardware\\phy.c              0x00000000   Number         0  phy.o ABSOLUTE
    ..\\Driver\\Libraries\\CMSIS\\system_stm32f4xx.c 0x00000000   Number         0  system_stm32f4xx.o ABSOLUTE
    ..\\Driver\\Libraries\\STM32F4x7_ETH_Driver\\src\\stm32f4x7_eth.c 0x00000000   Number         0  stm32f4x7_eth.o ABSOLUTE
    ..\\Driver\\Libraries\\STM32F4xx_StdPeriph_Driver\\src\\misc.c 0x00000000   Number         0  misc.o ABSOLUTE
    ..\\Driver\\Libraries\\STM32F4xx_StdPeriph_Driver\\src\\stm32f4xx_adc.c 0x00000000   Number         0  stm32f4xx_adc.o ABSOLUTE
    ..\\Driver\\Libraries\\STM32F4xx_StdPeriph_Driver\\src\\stm32f4xx_can.c 0x00000000   Number         0  stm32f4xx_can.o ABSOLUTE
    ..\\Driver\\Libraries\\STM32F4xx_StdPeriph_Driver\\src\\stm32f4xx_cec.c 0x00000000   Number         0  stm32f4xx_cec.o ABSOLUTE
    ..\\Driver\\Libraries\\STM32F4xx_StdPeriph_Driver\\src\\stm32f4xx_crc.c 0x00000000   Number         0  stm32f4xx_crc.o ABSOLUTE
    ..\\Driver\\Libraries\\STM32F4xx_StdPeriph_Driver\\src\\stm32f4xx_cryp.c 0x00000000   Number         0  stm32f4xx_cryp.o ABSOLUTE
    ..\\Driver\\Libraries\\STM32F4xx_StdPeriph_Driver\\src\\stm32f4xx_cryp_aes.c 0x00000000   Number         0  stm32f4xx_cryp_aes.o ABSOLUTE
    ..\\Driver\\Libraries\\STM32F4xx_StdPeriph_Driver\\src\\stm32f4xx_cryp_des.c 0x00000000   Number         0  stm32f4xx_cryp_des.o ABSOLUTE
    ..\\Driver\\Libraries\\STM32F4xx_StdPeriph_Driver\\src\\stm32f4xx_cryp_tdes.c 0x00000000   Number         0  stm32f4xx_cryp_tdes.o ABSOLUTE
    ..\\Driver\\Libraries\\STM32F4xx_StdPeriph_Driver\\src\\stm32f4xx_dac.c 0x00000000   Number         0  stm32f4xx_dac.o ABSOLUTE
    ..\\Driver\\Libraries\\STM32F4xx_StdPeriph_Driver\\src\\stm32f4xx_dbgmcu.c 0x00000000   Number         0  stm32f4xx_dbgmcu.o ABSOLUTE
    ..\\Driver\\Libraries\\STM32F4xx_StdPeriph_Driver\\src\\stm32f4xx_dcmi.c 0x00000000   Number         0  stm32f4xx_dcmi.o ABSOLUTE
    ..\\Driver\\Libraries\\STM32F4xx_StdPeriph_Driver\\src\\stm32f4xx_dfsdm.c 0x00000000   Number         0  stm32f4xx_dfsdm.o ABSOLUTE
    ..\\Driver\\Libraries\\STM32F4xx_StdPeriph_Driver\\src\\stm32f4xx_dma.c 0x00000000   Number         0  stm32f4xx_dma.o ABSOLUTE
    ..\\Driver\\Libraries\\STM32F4xx_StdPeriph_Driver\\src\\stm32f4xx_dma2d.c 0x00000000   Number         0  stm32f4xx_dma2d.o ABSOLUTE
    ..\\Driver\\Libraries\\STM32F4xx_StdPeriph_Driver\\src\\stm32f4xx_dsi.c 0x00000000   Number         0  stm32f4xx_dsi.o ABSOLUTE
    ..\\Driver\\Libraries\\STM32F4xx_StdPeriph_Driver\\src\\stm32f4xx_exti.c 0x00000000   Number         0  stm32f4xx_exti.o ABSOLUTE
    ..\\Driver\\Libraries\\STM32F4xx_StdPeriph_Driver\\src\\stm32f4xx_flash.c 0x00000000   Number         0  stm32f4xx_flash.o ABSOLUTE
    ..\\Driver\\Libraries\\STM32F4xx_StdPeriph_Driver\\src\\stm32f4xx_flash_ramfunc.c 0x00000000   Number         0  stm32f4xx_flash_ramfunc.o ABSOLUTE
    ..\\Driver\\Libraries\\STM32F4xx_StdPeriph_Driver\\src\\stm32f4xx_fmpi2c.c 0x00000000   Number         0  stm32f4xx_fmpi2c.o ABSOLUTE
    ..\\Driver\\Libraries\\STM32F4xx_StdPeriph_Driver\\src\\stm32f4xx_fsmc.c 0x00000000   Number         0  stm32f4xx_fsmc.o ABSOLUTE
    ..\\Driver\\Libraries\\STM32F4xx_StdPeriph_Driver\\src\\stm32f4xx_gpio.c 0x00000000   Number         0  stm32f4xx_gpio.o ABSOLUTE
    ..\\Driver\\Libraries\\STM32F4xx_StdPeriph_Driver\\src\\stm32f4xx_hash.c 0x00000000   Number         0  stm32f4xx_hash.o ABSOLUTE
    ..\\Driver\\Libraries\\STM32F4xx_StdPeriph_Driver\\src\\stm32f4xx_hash_md5.c 0x00000000   Number         0  stm32f4xx_hash_md5.o ABSOLUTE
    ..\\Driver\\Libraries\\STM32F4xx_StdPeriph_Driver\\src\\stm32f4xx_hash_sha1.c 0x00000000   Number         0  stm32f4xx_hash_sha1.o ABSOLUTE
    ..\\Driver\\Libraries\\STM32F4xx_StdPeriph_Driver\\src\\stm32f4xx_i2c.c 0x00000000   Number         0  stm32f4xx_i2c.o ABSOLUTE
    ..\\Driver\\Libraries\\STM32F4xx_StdPeriph_Driver\\src\\stm32f4xx_iwdg.c 0x00000000   Number         0  stm32f4xx_iwdg.o ABSOLUTE
    ..\\Driver\\Libraries\\STM32F4xx_StdPeriph_Driver\\src\\stm32f4xx_lptim.c 0x00000000   Number         0  stm32f4xx_lptim.o ABSOLUTE
    ..\\Driver\\Libraries\\STM32F4xx_StdPeriph_Driver\\src\\stm32f4xx_ltdc.c 0x00000000   Number         0  stm32f4xx_ltdc.o ABSOLUTE
    ..\\Driver\\Libraries\\STM32F4xx_StdPeriph_Driver\\src\\stm32f4xx_pwr.c 0x00000000   Number         0  stm32f4xx_pwr.o ABSOLUTE
    ..\\Driver\\Libraries\\STM32F4xx_StdPeriph_Driver\\src\\stm32f4xx_qspi.c 0x00000000   Number         0  stm32f4xx_qspi.o ABSOLUTE
    ..\\Driver\\Libraries\\STM32F4xx_StdPeriph_Driver\\src\\stm32f4xx_rcc.c 0x00000000   Number         0  stm32f4xx_rcc.o ABSOLUTE
    ..\\Driver\\Libraries\\STM32F4xx_StdPeriph_Driver\\src\\stm32f4xx_rng.c 0x00000000   Number         0  stm32f4xx_rng.o ABSOLUTE
    ..\\Driver\\Libraries\\STM32F4xx_StdPeriph_Driver\\src\\stm32f4xx_rtc.c 0x00000000   Number         0  stm32f4xx_rtc.o ABSOLUTE
    ..\\Driver\\Libraries\\STM32F4xx_StdPeriph_Driver\\src\\stm32f4xx_sai.c 0x00000000   Number         0  stm32f4xx_sai.o ABSOLUTE
    ..\\Driver\\Libraries\\STM32F4xx_StdPeriph_Driver\\src\\stm32f4xx_sdio.c 0x00000000   Number         0  stm32f4xx_sdio.o ABSOLUTE
    ..\\Driver\\Libraries\\STM32F4xx_StdPeriph_Driver\\src\\stm32f4xx_spdifrx.c 0x00000000   Number         0  stm32f4xx_spdifrx.o ABSOLUTE
    ..\\Driver\\Libraries\\STM32F4xx_StdPeriph_Driver\\src\\stm32f4xx_spi.c 0x00000000   Number         0  stm32f4xx_spi.o ABSOLUTE
    ..\\Driver\\Libraries\\STM32F4xx_StdPeriph_Driver\\src\\stm32f4xx_syscfg.c 0x00000000   Number         0  stm32f4xx_syscfg.o ABSOLUTE
    ..\\Driver\\Libraries\\STM32F4xx_StdPeriph_Driver\\src\\stm32f4xx_tim.c 0x00000000   Number         0  stm32f4xx_tim.o ABSOLUTE
    ..\\Driver\\Libraries\\STM32F4xx_StdPeriph_Driver\\src\\stm32f4xx_usart.c 0x00000000   Number         0  stm32f4xx_usart.o ABSOLUTE
    ..\\Driver\\Libraries\\STM32F4xx_StdPeriph_Driver\\src\\stm32f4xx_wwdg.c 0x00000000   Number         0  stm32f4xx_wwdg.o ABSOLUTE
    ..\\Driver\\Lwip\\app\\ethernetif.c      0x00000000   Number         0  ethernetif.o ABSOLUTE
    ..\\Driver\\Lwip\\app\\lwip_comm.c       0x00000000   Number         0  lwip_comm.o ABSOLUTE
    ..\\Driver\\Lwip\\arch\\sys_arch.c       0x00000000   Number         0  sys_arch.o ABSOLUTE
    ..\\Driver\\Malloc\\malloc.c             0x00000000   Number         0  malloc.o ABSOLUTE
    ..\\Driver\\Peripherals\\eth.c           0x00000000   Number         0  eth.o ABSOLUTE
    ..\\Driver\\Peripherals\\systick.c       0x00000000   Number         0  systick.o ABSOLUTE
    ..\\Driver\\Peripherals\\timer.c         0x00000000   Number         0  timer.o ABSOLUTE
    ..\\Driver\\Peripherals\\usart.c         0x00000000   Number         0  usart.o ABSOLUTE
    ..\\User\\main.c                         0x00000000   Number         0  main.o ABSOLUTE
    ..\\User\\stm32f4xx_it.c                 0x00000000   Number         0  stm32f4xx_it.o ABSOLUTE
    cdrcmple.s                               0x00000000   Number         0  cdrcmple.o ABSOLUTE
    dc.s                                     0x00000000   Number         0  dc.o ABSOLUTE
    handlers.s                               0x00000000   Number         0  handlers.o ABSOLUTE
    init.s                                   0x00000000   Number         0  init.o ABSOLUTE
    RESET                                    0x08000000   Section      392  startup_stm32f40_41xxx.o(RESET)
    .ARM.Collect$$$$00000000                 0x08000188   Section        0  entry.o(.ARM.Collect$$$$00000000)
    .ARM.Collect$$$$00000001                 0x08000188   Section        4  entry2.o(.ARM.Collect$$$$00000001)
    .ARM.Collect$$$$00000004                 0x0800018c   Section        4  entry5.o(.ARM.Collect$$$$00000004)
    .ARM.Collect$$$$00000008                 0x08000190   Section        0  entry7b.o(.ARM.Collect$$$$00000008)
    .ARM.Collect$$$$0000000A                 0x08000190   Section        0  entry8b.o(.ARM.Collect$$$$0000000A)
    .ARM.Collect$$$$0000000B                 0x08000190   Section        8  entry9a.o(.ARM.Collect$$$$0000000B)
    .ARM.Collect$$$$0000000E                 0x08000198   Section        4  entry12b.o(.ARM.Collect$$$$0000000E)
    .ARM.Collect$$$$0000000F                 0x0800019c   Section        0  entry10a.o(.ARM.Collect$$$$0000000F)
    .ARM.Collect$$$$00000011                 0x0800019c   Section        0  entry11a.o(.ARM.Collect$$$$00000011)
    .ARM.Collect$$$$00002712                 0x0800019c   Section        4  entry2.o(.ARM.Collect$$$$00002712)
    __lit__00000000                          0x0800019c   Data           4  entry2.o(.ARM.Collect$$$$00002712)
    .emb_text                                0x080001a0   Section      190  port.o(.emb_text)
    $v0                                      0x080001a0   Number         0  port.o(.emb_text)
    .text                                    0x08000260   Section       36  startup_stm32f40_41xxx.o(.text)
    $v0                                      0x08000260   Number         0  startup_stm32f40_41xxx.o(.text)
    .text                                    0x08000284   Section        0  memmovea.o(.text)
    .text                                    0x080002c4   Section        0  memseta.o(.text)
    .text                                    0x080002e8   Section       36  init.o(.text)
    .text                                    0x0800030c   Section        0  __dczerorl2.o(.text)
    i.BusFault_Handler                       0x08000362   Section        0  stm32f4xx_it.o(i.BusFault_Handler)
    i.DebugMon_Handler                       0x08000366   Section        0  stm32f4xx_it.o(i.DebugMon_Handler)
    i.ETH_DMAClearITPendingBit               0x08000368   Section        0  stm32f4x7_eth.o(i.ETH_DMAClearITPendingBit)
    i.ETH_GetDMARxDescFrameLength            0x08000374   Section        0  stm32f4x7_eth.o(i.ETH_GetDMARxDescFrameLength)
    i.ETH_GetRxPktSize                       0x0800037e   Section        0  stm32f4x7_eth.o(i.ETH_GetRxPktSize)
    i.ETH_IRQHandler                         0x080003a8   Section        0  stm32f4xx_it.o(i.ETH_IRQHandler)
    i.EnterCriticalSection                   0x080003d0   Section        0  mbport.o(i.EnterCriticalSection)
    i.ExitCriticalSection                    0x080003d4   Section        0  mbport.o(i.ExitCriticalSection)
    i.GPIO_Init                              0x080003d8   Section        0  stm32f4xx_gpio.o(i.GPIO_Init)
    i.GPIO_PinAFConfig                       0x08000468   Section        0  stm32f4xx_gpio.o(i.GPIO_PinAFConfig)
    i.GPIO_SetBits                           0x080004ae   Section        0  stm32f4xx_gpio.o(i.GPIO_SetBits)
    i.HardFault_Handler                      0x080004b2   Section        0  stm32f4xx_it.o(i.HardFault_Handler)
    i.MemManage_Handler                      0x080004b6   Section        0  stm32f4xx_it.o(i.MemManage_Handler)
    i.NMI_Handler                            0x080004ba   Section        0  stm32f4xx_it.o(i.NMI_Handler)
    i.NVIC_Init                              0x080004bc   Section        0  misc.o(i.NVIC_Init)
    i.NVIC_PriorityGroupConfig               0x08000534   Section        0  misc.o(i.NVIC_PriorityGroupConfig)
    i.RCC_AHB1PeriphClockCmd                 0x08000548   Section        0  stm32f4xx_rcc.o(i.RCC_AHB1PeriphClockCmd)
    i.RCC_APB1PeriphClockCmd                 0x08000568   Section        0  stm32f4xx_rcc.o(i.RCC_APB1PeriphClockCmd)
    i.RCC_APB2PeriphClockCmd                 0x08000588   Section        0  stm32f4xx_rcc.o(i.RCC_APB2PeriphClockCmd)
    i.RCC_GetClocksFreq                      0x080005a8   Section        0  stm32f4xx_rcc.o(i.RCC_GetClocksFreq)
    i.SetSysClock                            0x08000690   Section        0  system_stm32f4xx.o(i.SetSysClock)
    SetSysClock                              0x08000691   Thumb Code   220  system_stm32f4xx.o(i.SetSysClock)
    i.SysTick_Handler                        0x0800077c   Section        0  port.o(i.SysTick_Handler)
    i.SystemInit                             0x080007b0   Section        0  system_stm32f4xx.o(i.SystemInit)
    i.TIM1_UP_TIM10_IRQHandler               0x08000818   Section        0  stm32f4xx_it.o(i.TIM1_UP_TIM10_IRQHandler)
    i.TIM2_IRQHandler                        0x08000838   Section        0  porttimer.o(i.TIM2_IRQHandler)
    i.TIM6_DAC_IRQHandler                    0x08000854   Section        0  stm32f4xx_it.o(i.TIM6_DAC_IRQHandler)
    i.TIM_ClearITPendingBit                  0x08000880   Section        0  stm32f4xx_tim.o(i.TIM_ClearITPendingBit)
    i.TIM_Cmd                                0x08000886   Section        0  stm32f4xx_tim.o(i.TIM_Cmd)
    i.TIM_GetITStatus                        0x0800089e   Section        0  stm32f4xx_tim.o(i.TIM_GetITStatus)
    i.TIM_ITConfig                           0x080008c0   Section        0  stm32f4xx_tim.o(i.TIM_ITConfig)
    i.TIM_SetCounter                         0x080008d2   Section        0  stm32f4xx_tim.o(i.TIM_SetCounter)
    i.TIM_TimeBaseInit                       0x080008d8   Section        0  stm32f4xx_tim.o(i.TIM_TimeBaseInit)
    i.USART2_IRQHandler                      0x0800095c   Section        0  portserial.o(i.USART2_IRQHandler)
    i.USART_ClearITPendingBit                0x080009b4   Section        0  stm32f4xx_usart.o(i.USART_ClearITPendingBit)
    i.USART_Cmd                              0x080009d2   Section        0  stm32f4xx_usart.o(i.USART_Cmd)
    i.USART_GetITStatus                      0x080009ea   Section        0  stm32f4xx_usart.o(i.USART_GetITStatus)
    i.USART_ITConfig                         0x08000a3e   Section        0  stm32f4xx_usart.o(i.USART_ITConfig)
    i.USART_Init                             0x08000a88   Section        0  stm32f4xx_usart.o(i.USART_Init)
    i.USART_ReceiveData                      0x08000b5c   Section        0  stm32f4xx_usart.o(i.USART_ReceiveData)
    i.USART_SendData                         0x08000b66   Section        0  stm32f4xx_usart.o(i.USART_SendData)
    i.UsageFault_Handler                     0x08000b6e   Section        0  stm32f4xx_it.o(i.UsageFault_Handler)
    i.__scatterload_copy                     0x08000b72   Section       14  handlers.o(i.__scatterload_copy)
    i.__scatterload_null                     0x08000b80   Section        2  handlers.o(i.__scatterload_null)
    i.__scatterload_zeroinit                 0x08000b82   Section       14  handlers.o(i.__scatterload_zeroinit)
    i.delay_timer_config                     0x08000b90   Section        0  timer.o(i.delay_timer_config)
    i.delay_update                           0x08000bf8   Section        0  timer.o(i.delay_update)
    i.do_memp_free_pool                      0x08000c10   Section        0  memp.o(i.do_memp_free_pool)
    do_memp_free_pool                        0x08000c11   Thumb Code    32  memp.o(i.do_memp_free_pool)
    i.do_memp_malloc_pool                    0x08000c30   Section        0  memp.o(i.do_memp_malloc_pool)
    do_memp_malloc_pool                      0x08000c31   Thumb Code    66  memp.o(i.do_memp_malloc_pool)
    i.eMBEnable                              0x08000c74   Section        0  mb.o(i.eMBEnable)
    i.eMBFuncReadCoils                       0x08000c9c   Section        0  mbfunccoils.o(i.eMBFuncReadCoils)
    i.eMBFuncReadDiscreteInputs              0x08000d4a   Section        0  mbfuncdisc.o(i.eMBFuncReadDiscreteInputs)
    i.eMBFuncReadHoldingRegister             0x08000df6   Section        0  mbfuncholding.o(i.eMBFuncReadHoldingRegister)
    i.eMBFuncReadInputRegister               0x08000e82   Section        0  mbfuncinput.o(i.eMBFuncReadInputRegister)
    i.eMBFuncReadWriteMultipleHoldingRegister 0x08000f0e   Section        0  mbfuncholding.o(i.eMBFuncReadWriteMultipleHoldingRegister)
    i.eMBFuncReportSlaveID                   0x08000fe4   Section        0  mbfuncother.o(i.eMBFuncReportSlaveID)
    i.eMBFuncWriteCoil                       0x0800100c   Section        0  mbfunccoils.o(i.eMBFuncWriteCoil)
    i.eMBFuncWriteHoldingRegister            0x0800107c   Section        0  mbfuncholding.o(i.eMBFuncWriteHoldingRegister)
    i.eMBFuncWriteMultipleCoils              0x080010be   Section        0  mbfunccoils.o(i.eMBFuncWriteMultipleCoils)
    i.eMBFuncWriteMultipleHoldingRegister    0x0800114e   Section        0  mbfuncholding.o(i.eMBFuncWriteMultipleHoldingRegister)
    i.eMBInit                                0x080011bc   Section        0  mb.o(i.eMBInit)
    i.eMBPoll                                0x0800129c   Section        0  mb.o(i.eMBPoll)
    i.eMBRTUInit                             0x080013d4   Section        0  mbrtu.o(i.eMBRTUInit)
    i.eMBRTUReceive                          0x0800142c   Section        0  mbrtu.o(i.eMBRTUReceive)
    i.eMBRTUSend                             0x08001484   Section        0  mbrtu.o(i.eMBRTUSend)
    i.eMBRTUStart                            0x08001534   Section        0  mbrtu.o(i.eMBRTUStart)
    i.eMBRTUStop                             0x08001558   Section        0  mbrtu.o(i.eMBRTUStop)
    i.eMBRegCoilsCB                          0x08001570   Section        0  modbus.o(i.eMBRegCoilsCB)
    i.eMBRegDiscreteCB                       0x08001608   Section        0  modbus.o(i.eMBRegDiscreteCB)
    i.eMBRegHoldingCB                        0x08001668   Section        0  modbus.o(i.eMBRegHoldingCB)
    i.eMBRegInputCB                          0x080016e8   Section        0  modbus.o(i.eMBRegInputCB)
    i.eth_rx_packet                          0x08001730   Section        0  eth.o(i.eth_rx_packet)
    i.ethernetif_input                       0x080017cc   Section        0  ethernetif.o(i.ethernetif_input)
    i.low_level_input                        0x080017f8   Section        0  ethernetif.o(i.low_level_input)
    low_level_input                          0x080017f9   Thumb Code   112  ethernetif.o(i.low_level_input)
    i.lwip_pkt_handle                        0x0800186c   Section        0  lwip_comm.o(i.lwip_pkt_handle)
    i.main                                   0x0800187c   Section        0  main.o(i.main)
    i.mem_free                               0x080018b0   Section        0  mem.o(i.mem_free)
    i.mem_link_valid                         0x08001990   Section        0  mem.o(i.mem_link_valid)
    mem_link_valid                           0x08001991   Thumb Code    82  mem.o(i.mem_link_valid)
    i.mem_malloc                             0x080019e8   Section        0  mem.o(i.mem_malloc)
    i.mem_to_ptr                             0x08001b6c   Section        0  mem.o(i.mem_to_ptr)
    mem_to_ptr                               0x08001b6d   Thumb Code    12  mem.o(i.mem_to_ptr)
    i.memp_free                              0x08001b7c   Section        0  memp.o(i.memp_free)
    i.memp_malloc                            0x08001ba4   Section        0  memp.o(i.memp_malloc)
    i.modbus_timer_config                    0x08001bc8   Section        0  timer.o(i.modbus_timer_config)
    i.my_led_config                          0x08001c30   Section        0  led.o(i.my_led_config)
    i.pbuf_alloc                             0x08001c70   Section        0  pbuf.o(i.pbuf_alloc)
    i.pbuf_alloc_reference                   0x08001d9c   Section        0  pbuf.o(i.pbuf_alloc_reference)
    i.pbuf_free                              0x08001dd0   Section        0  pbuf.o(i.pbuf_free)
    i.pbuf_init_alloced_pbuf                 0x08001e5a   Section        0  pbuf.o(i.pbuf_init_alloced_pbuf)
    pbuf_init_alloced_pbuf                   0x08001e5b   Thumb Code    30  pbuf.o(i.pbuf_init_alloced_pbuf)
    i.plug_holes                             0x08001e78   Section        0  mem.o(i.plug_holes)
    plug_holes                               0x08001e79   Thumb Code   146  mem.o(i.plug_holes)
    i.prvResetNextTaskUnblockTime            0x08001f14   Section        0  tasks.o(i.prvResetNextTaskUnblockTime)
    prvResetNextTaskUnblockTime              0x08001f15   Thumb Code    40  tasks.o(i.prvResetNextTaskUnblockTime)
    i.prveMBError2Exception                  0x08001f44   Section        0  mbutils.o(i.prveMBError2Exception)
    i.prvvMBSerialRXIRQHandler               0x08001f68   Section        0  portserial.o(i.prvvMBSerialRXIRQHandler)
    i.prvvMBSerialTXIRQHandler               0x08001f78   Section        0  portserial.o(i.prvvMBSerialTXIRQHandler)
    i.prvvMBTimerIRQHandler                  0x08001f88   Section        0  porttimer.o(i.prvvMBTimerIRQHandler)
    i.ptr_to_mem                             0x08001f98   Section        0  mem.o(i.ptr_to_mem)
    ptr_to_mem                               0x08001f99   Thumb Code    10  mem.o(i.ptr_to_mem)
    i.rs485_config                           0x08001fa8   Section        0  485.o(i.rs485_config)
    i.rs485_send_byte                        0x08002070   Section        0  485.o(i.rs485_send_byte)
    i.usMBCRC16                              0x0800208c   Section        0  mbcrc.o(i.usMBCRC16)
    i.vMBPortSerialEnable                    0x080020c4   Section        0  portserial.o(i.vMBPortSerialEnable)
    i.vMBPortTimersDisable                   0x08002108   Section        0  porttimer.o(i.vMBPortTimersDisable)
    i.vMBPortTimersEnable                    0x08002132   Section        0  porttimer.o(i.vMBPortTimersEnable)
    i.vTaskSwitchContext                     0x0800215c   Section        0  tasks.o(i.vTaskSwitchContext)
    i.xMBPortEventGet                        0x080021e8   Section        0  portevent.o(i.xMBPortEventGet)
    i.xMBPortEventInit                       0x0800220c   Section        0  portevent.o(i.xMBPortEventInit)
    i.xMBPortEventPost                       0x0800221c   Section        0  portevent.o(i.xMBPortEventPost)
    i.xMBPortSerialGetByte                   0x08002234   Section        0  portserial.o(i.xMBPortSerialGetByte)
    i.xMBPortSerialInit                      0x08002248   Section        0  portserial.o(i.xMBPortSerialInit)
    i.xMBPortSerialPutByte                   0x08002264   Section        0  portserial.o(i.xMBPortSerialPutByte)
    i.xMBPortTimersInit                      0x08002278   Section        0  porttimer.o(i.xMBPortTimersInit)
    i.xMBRTUReceiveFSM                       0x0800228c   Section        0  mbrtu.o(i.xMBRTUReceiveFSM)
    i.xMBRTUTimerT35Expired                  0x08002314   Section        0  mbrtu.o(i.xMBRTUTimerT35Expired)
    i.xMBRTUTransmitFSM                      0x08002354   Section        0  mbrtu.o(i.xMBRTUTransmitFSM)
    i.xMBUtilGetBits                         0x080023c0   Section        0  mbutils.o(i.xMBUtilGetBits)
    i.xMBUtilSetBits                         0x080023ea   Section        0  mbutils.o(i.xMBUtilSetBits)
    i.xTaskIncrementTick                     0x0800244c   Section        0  tasks.o(i.xTaskIncrementTick)
    .constdata                               0x08002608   Section      512  mbcrc.o(.constdata)
    aucCRCHi                                 0x08002608   Data         256  mbcrc.o(.constdata)
    aucCRCLo                                 0x08002708   Data         256  mbcrc.o(.constdata)
    .constdata                               0x08002808   Section      192  memp.o(.constdata)
    .conststring                             0x080028c8   Section       96  memp.o(.conststring)
    .ARM.__AT_0x10000000                     0x10000000   Section    61440  malloc.o(.ARM.__AT_0x10000000)
    .ARM.__AT_0x1000F000                     0x1000f000   Section     3840  malloc.o(.ARM.__AT_0x1000F000)
    .data                                    0x20000000   Section        4  timer.o(.data)
    .data                                    0x20000004   Section      181  mb.o(.data)
    ucMBAddress                              0x20000004   Data           1  mb.o(.data)
    eMBCurrentMode                           0x20000005   Data           1  mb.o(.data)
    eMBState                                 0x20000006   Data           1  mb.o(.data)
    peMBFrameSendCur                         0x20000008   Data           4  mb.o(.data)
    pvMBFrameStartCur                        0x2000000c   Data           4  mb.o(.data)
    pvMBFrameStopCur                         0x20000010   Data           4  mb.o(.data)
    peMBFrameReceiveCur                      0x20000014   Data           4  mb.o(.data)
    pvMBFrameCloseCur                        0x20000018   Data           4  mb.o(.data)
    xFuncHandlers                            0x20000030   Data         128  mb.o(.data)
    ucMBFrame                                0x200000b0   Data           4  mb.o(.data)
    ucRcvAddress                             0x200000b4   Data           1  mb.o(.data)
    ucFunctionCode                           0x200000b5   Data           1  mb.o(.data)
    usLength                                 0x200000b6   Data           2  mb.o(.data)
    eException                               0x200000b8   Data           1  mb.o(.data)
    .data                                    0x200000ba   Section       40  modbus.o(.data)
    .data                                    0x200000e2   Section        2  portevent.o(.data)
    eQueuedEvent                             0x200000e2   Data           1  portevent.o(.data)
    xEventInQueue                            0x200000e3   Data           1  portevent.o(.data)
    .data                                    0x200000e4   Section       12  mbrtu.o(.data)
    eSndState                                0x200000e4   Data           1  mbrtu.o(.data)
    eRcvState                                0x200000e5   Data           1  mbrtu.o(.data)
    pucSndBufferCur                          0x200000e8   Data           4  mbrtu.o(.data)
    usSndBufferCount                         0x200000ec   Data           2  mbrtu.o(.data)
    usRcvBufferPos                           0x200000ee   Data           2  mbrtu.o(.data)
    .data                                    0x200000f0   Section        2  mbfuncother.o(.data)
    usMBSlaveIDLen                           0x200000f0   Data           2  mbfuncother.o(.data)
    .data                                    0x200000f4   Section       20  lwip_comm.o(.data)
    .data                                    0x20000108   Section       12  mem.o(.data)
    ram                                      0x20000108   Data           4  mem.o(.data)
    ram_end                                  0x2000010c   Data           4  mem.o(.data)
    lfree                                    0x20000110   Data           4  mem.o(.data)
    .data                                    0x20000114   Section       32  memp.o(.data)
    memp_tab_RAW_PCB                         0x20000114   Data           4  memp.o(.data)
    memp_tab_REASSDATA                       0x20000118   Data           4  memp.o(.data)
    memp_tab_FRAG_PBUF                       0x2000011c   Data           4  memp.o(.data)
    memp_tab_ARP_QUEUE                       0x20000120   Data           4  memp.o(.data)
    memp_tab_IGMP_GROUP                      0x20000124   Data           4  memp.o(.data)
    memp_tab_SYS_TIMEOUT                     0x20000128   Data           4  memp.o(.data)
    memp_tab_PBUF                            0x2000012c   Data           4  memp.o(.data)
    memp_tab_PBUF_POOL                       0x20000130   Data           4  memp.o(.data)
    .data                                    0x20000134   Section       64  tasks.o(.data)
    pxDelayedTaskList                        0x20000138   Data           4  tasks.o(.data)
    pxOverflowDelayedTaskList                0x2000013c   Data           4  tasks.o(.data)
    uxDeletedTasksWaitingCleanUp             0x20000140   Data           4  tasks.o(.data)
    uxCurrentNumberOfTasks                   0x20000144   Data           4  tasks.o(.data)
    xTickCount                               0x20000148   Data           4  tasks.o(.data)
    uxTopReadyPriority                       0x2000014c   Data           4  tasks.o(.data)
    xSchedulerRunning                        0x20000150   Data           4  tasks.o(.data)
    xPendedTicks                             0x20000154   Data           4  tasks.o(.data)
    xYieldPending                            0x20000158   Data           4  tasks.o(.data)
    xNumOfOverflows                          0x2000015c   Data           4  tasks.o(.data)
    uxTaskNumber                             0x20000160   Data           4  tasks.o(.data)
    xNextTaskUnblockTime                     0x20000164   Data           4  tasks.o(.data)
    xIdleTaskHandle                          0x20000168   Data           4  tasks.o(.data)
    uxSchedulerSuspended                     0x20000170   Data           4  tasks.o(.data)
    .data                                    0x20000174   Section       16  stm32f4xx_rcc.o(.data)
    APBAHBPrescTable                         0x20000174   Data          16  stm32f4xx_rcc.o(.data)
    .data                                    0x20000184   Section       16  stm32f4x7_eth.o(.data)
    .bss                                     0x20000194   Section      100  485.o(.bss)
    .bss                                     0x200001f8   Section      256  mbrtu.o(.bss)
    .bss                                     0x200002f8   Section       32  mbfuncother.o(.bss)
    ucMBSlaveID                              0x200002f8   Data          32  mbfuncother.o(.bss)
    .bss                                     0x20000318   Section      100  lwip_comm.o(.bss)
    .bss                                     0x2000037c   Section    36060  memp.o(.bss)
    memp_stats_RAW_PCB                       0x200003d4   Data          16  memp.o(.bss)
    memp_stats_REASSDATA                     0x20000b68   Data          16  memp.o(.bss)
    memp_stats_FRAG_PBUF                     0x20000ce4   Data          16  memp.o(.bss)
    memp_stats_ARP_QUEUE                     0x20000de8   Data          16  memp.o(.bss)
    memp_stats_IGMP_GROUP                    0x20000e7c   Data          16  memp.o(.bss)
    memp_stats_SYS_TIMEOUT                   0x20000fa0   Data          16  memp.o(.bss)
    memp_stats_PBUF                          0x200010b4   Data          16  memp.o(.bss)
    memp_stats_PBUF_POOL                     0x20009048   Data          16  memp.o(.bss)
    .bss                                     0x20009058   Section      264  stats.o(.bss)
    .bss                                     0x20009160   Section      200  tasks.o(.bss)
    pxReadyTasksLists                        0x20009160   Data         100  tasks.o(.bss)
    xDelayedTaskList1                        0x200091c4   Data          20  tasks.o(.bss)
    xDelayedTaskList2                        0x200091d8   Data          20  tasks.o(.bss)
    xPendingReadyList                        0x200091ec   Data          20  tasks.o(.bss)
    xTasksWaitingTermination                 0x20009200   Data          20  tasks.o(.bss)
    xSuspendedTaskList                       0x20009214   Data          20  tasks.o(.bss)
    STACK                                    0x20009228   Section     8192  startup_stm32f40_41xxx.o(STACK)
    .ARM.__AT_0xC01F4000                     0xc01f4000   Section     1024  malloc.o(.ARM.__AT_0xC01F4000)
    .ARM.__AT_0xC01F4400                     0xc01f4400   Section       64  malloc.o(.ARM.__AT_0xC01F4400)

    Global Symbols

    Symbol Name                              Value     Ov Type        Size  Object(Section)

    BuildAttributes$$THM_ISAv4$E$P$D$K$B$S$7EM$VFPi3$EXTD16$VFPS$VFMA$PE$A:L22UL41UL21$X:L11$S22US41US21$IEEE1$IW$USESV6$~STKCKD$USESV7$~SHL$OSPACE$ROPI$EBA8$MICROLIB$REQ8$PRES8$EABIv2 0x00000000   Number         0  anon$$obj.o ABSOLUTE
    __ARM_use_no_argv                        0x00000000   Number         0  main.o ABSOLUTE
    _printf_a                                0x00000000   Number         0  stubs.o ABSOLUTE
    _printf_c                                0x00000000   Number         0  stubs.o ABSOLUTE
    _printf_charcount                        0x00000000   Number         0  stubs.o ABSOLUTE
    _printf_d                                0x00000000   Number         0  stubs.o ABSOLUTE
    _printf_e                                0x00000000   Number         0  stubs.o ABSOLUTE
    _printf_f                                0x00000000   Number         0  stubs.o ABSOLUTE
    _printf_flags                            0x00000000   Number         0  stubs.o ABSOLUTE
    _printf_fp_dec                           0x00000000   Number         0  stubs.o ABSOLUTE
    _printf_fp_hex                           0x00000000   Number         0  stubs.o ABSOLUTE
    _printf_g                                0x00000000   Number         0  stubs.o ABSOLUTE
    _printf_i                                0x00000000   Number         0  stubs.o ABSOLUTE
    _printf_int_dec                          0x00000000   Number         0  stubs.o ABSOLUTE
    _printf_l                                0x00000000   Number         0  stubs.o ABSOLUTE
    _printf_lc                               0x00000000   Number         0  stubs.o ABSOLUTE
    _printf_ll                               0x00000000   Number         0  stubs.o ABSOLUTE
    _printf_lld                              0x00000000   Number         0  stubs.o ABSOLUTE
    _printf_lli                              0x00000000   Number         0  stubs.o ABSOLUTE
    _printf_llo                              0x00000000   Number         0  stubs.o ABSOLUTE
    _printf_llu                              0x00000000   Number         0  stubs.o ABSOLUTE
    _printf_llx                              0x00000000   Number         0  stubs.o ABSOLUTE
    _printf_longlong_dec                     0x00000000   Number         0  stubs.o ABSOLUTE
    _printf_longlong_hex                     0x00000000   Number         0  stubs.o ABSOLUTE
    _printf_longlong_oct                     0x00000000   Number         0  stubs.o ABSOLUTE
    _printf_ls                               0x00000000   Number         0  stubs.o ABSOLUTE
    _printf_mbtowc                           0x00000000   Number         0  stubs.o ABSOLUTE
    _printf_n                                0x00000000   Number         0  stubs.o ABSOLUTE
    _printf_o                                0x00000000   Number         0  stubs.o ABSOLUTE
    _printf_p                                0x00000000   Number         0  stubs.o ABSOLUTE
    _printf_percent                          0x00000000   Number         0  stubs.o ABSOLUTE
    _printf_pre_padding                      0x00000000   Number         0  stubs.o ABSOLUTE
    _printf_return_value                     0x00000000   Number         0  stubs.o ABSOLUTE
    _printf_s                                0x00000000   Number         0  stubs.o ABSOLUTE
    _printf_sizespec                         0x00000000   Number         0  stubs.o ABSOLUTE
    _printf_str                              0x00000000   Number         0  stubs.o ABSOLUTE
    _printf_truncate_signed                  0x00000000   Number         0  stubs.o ABSOLUTE
    _printf_truncate_unsigned                0x00000000   Number         0  stubs.o ABSOLUTE
    _printf_u                                0x00000000   Number         0  stubs.o ABSOLUTE
    _printf_wc                               0x00000000   Number         0  stubs.o ABSOLUTE
    _printf_wctomb                           0x00000000   Number         0  stubs.o ABSOLUTE
    _printf_widthprec                        0x00000000   Number         0  stubs.o ABSOLUTE
    _printf_x                                0x00000000   Number         0  stubs.o ABSOLUTE
    __arm_fini_                               - Undefined Weak Reference
    __cpp_initialize__aeabi_                  - Undefined Weak Reference
    __cxa_finalize                            - Undefined Weak Reference
    _clock_init                               - Undefined Weak Reference
    _microlib_exit                            - Undefined Weak Reference
    __Vectors_Size                           0x00000188   Number         0  startup_stm32f40_41xxx.o ABSOLUTE
    __Vectors                                0x08000000   Data           4  startup_stm32f40_41xxx.o(RESET)
    __Vectors_End                            0x08000188   Data           0  startup_stm32f40_41xxx.o(RESET)
    __main                                   0x08000189   Thumb Code     0  entry.o(.ARM.Collect$$$$00000000)
    _main_stk                                0x08000189   Thumb Code     0  entry2.o(.ARM.Collect$$$$00000001)
    _main_scatterload                        0x0800018d   Thumb Code     0  entry5.o(.ARM.Collect$$$$00000004)
    __main_after_scatterload                 0x08000191   Thumb Code     0  entry5.o(.ARM.Collect$$$$00000004)
    _main_clock                              0x08000191   Thumb Code     0  entry7b.o(.ARM.Collect$$$$00000008)
    _main_cpp_init                           0x08000191   Thumb Code     0  entry8b.o(.ARM.Collect$$$$0000000A)
    _main_init                               0x08000191   Thumb Code     0  entry9a.o(.ARM.Collect$$$$0000000B)
    __rt_lib_shutdown_fini                   0x08000199   Thumb Code     0  entry12b.o(.ARM.Collect$$$$0000000E)
    __rt_final_cpp                           0x0800019d   Thumb Code     0  entry10a.o(.ARM.Collect$$$$0000000F)
    __rt_final_exit                          0x0800019d   Thumb Code     0  entry11a.o(.ARM.Collect$$$$00000011)
    SVC_Handler                              0x080001a1   Thumb Code    28  port.o(.emb_text)
    __asm___6_port_c_39a90d8d__prvStartFirstTask 0x080001c1   Thumb Code    36  port.o(.emb_text)
    __asm___6_port_c_39a90d8d__prvEnableVFP  0x080001e9   Thumb Code    16  port.o(.emb_text)
    PendSV_Handler                           0x080001fd   Thumb Code    88  port.o(.emb_text)
    vPortGetIPSR                             0x08000259   Thumb Code     6  port.o(.emb_text)
    Reset_Handler                            0x08000261   Thumb Code     8  startup_stm32f40_41xxx.o(.text)
    ADC_IRQHandler                           0x0800027b   Thumb Code     0  startup_stm32f40_41xxx.o(.text)
    CAN1_RX0_IRQHandler                      0x0800027b   Thumb Code     0  startup_stm32f40_41xxx.o(.text)
    CAN1_RX1_IRQHandler                      0x0800027b   Thumb Code     0  startup_stm32f40_41xxx.o(.text)
    CAN1_SCE_IRQHandler                      0x0800027b   Thumb Code     0  startup_stm32f40_41xxx.o(.text)
    CAN1_TX_IRQHandler                       0x0800027b   Thumb Code     0  startup_stm32f40_41xxx.o(.text)
    CAN2_RX0_IRQHandler                      0x0800027b   Thumb Code     0  startup_stm32f40_41xxx.o(.text)
    CAN2_RX1_IRQHandler                      0x0800027b   Thumb Code     0  startup_stm32f40_41xxx.o(.text)
    CAN2_SCE_IRQHandler                      0x0800027b   Thumb Code     0  startup_stm32f40_41xxx.o(.text)
    CAN2_TX_IRQHandler                       0x0800027b   Thumb Code     0  startup_stm32f40_41xxx.o(.text)
    CRYP_IRQHandler                          0x0800027b   Thumb Code     0  startup_stm32f40_41xxx.o(.text)
    DCMI_IRQHandler                          0x0800027b   Thumb Code     0  startup_stm32f40_41xxx.o(.text)
    DMA1_Stream0_IRQHandler                  0x0800027b   Thumb Code     0  startup_stm32f40_41xxx.o(.text)
    DMA1_Stream1_IRQHandler                  0x0800027b   Thumb Code     0  startup_stm32f40_41xxx.o(.text)
    DMA1_Stream2_IRQHandler                  0x0800027b   Thumb Code     0  startup_stm32f40_41xxx.o(.text)
    DMA1_Stream3_IRQHandler                  0x0800027b   Thumb Code     0  startup_stm32f40_41xxx.o(.text)
    DMA1_Stream4_IRQHandler                  0x0800027b   Thumb Code     0  startup_stm32f40_41xxx.o(.text)
    DMA1_Stream5_IRQHandler                  0x0800027b   Thumb Code     0  startup_stm32f40_41xxx.o(.text)
    DMA1_Stream6_IRQHandler                  0x0800027b   Thumb Code     0  startup_stm32f40_41xxx.o(.text)
    DMA1_Stream7_IRQHandler                  0x0800027b   Thumb Code     0  startup_stm32f40_41xxx.o(.text)
    DMA2_Stream0_IRQHandler                  0x0800027b   Thumb Code     0  startup_stm32f40_41xxx.o(.text)
    DMA2_Stream1_IRQHandler                  0x0800027b   Thumb Code     0  startup_stm32f40_41xxx.o(.text)
    DMA2_Stream2_IRQHandler                  0x0800027b   Thumb Code     0  startup_stm32f40_41xxx.o(.text)
    DMA2_Stream3_IRQHandler                  0x0800027b   Thumb Code     0  startup_stm32f40_41xxx.o(.text)
    DMA2_Stream4_IRQHandler                  0x0800027b   Thumb Code     0  startup_stm32f40_41xxx.o(.text)
    DMA2_Stream5_IRQHandler                  0x0800027b   Thumb Code     0  startup_stm32f40_41xxx.o(.text)
    DMA2_Stream6_IRQHandler                  0x0800027b   Thumb Code     0  startup_stm32f40_41xxx.o(.text)
    DMA2_Stream7_IRQHandler                  0x0800027b   Thumb Code     0  startup_stm32f40_41xxx.o(.text)
    ETH_WKUP_IRQHandler                      0x0800027b   Thumb Code     0  startup_stm32f40_41xxx.o(.text)
    EXTI0_IRQHandler                         0x0800027b   Thumb Code     0  startup_stm32f40_41xxx.o(.text)
    EXTI15_10_IRQHandler                     0x0800027b   Thumb Code     0  startup_stm32f40_41xxx.o(.text)
    EXTI1_IRQHandler                         0x0800027b   Thumb Code     0  startup_stm32f40_41xxx.o(.text)
    EXTI2_IRQHandler                         0x0800027b   Thumb Code     0  startup_stm32f40_41xxx.o(.text)
    EXTI3_IRQHandler                         0x0800027b   Thumb Code     0  startup_stm32f40_41xxx.o(.text)
    EXTI4_IRQHandler                         0x0800027b   Thumb Code     0  startup_stm32f40_41xxx.o(.text)
    EXTI9_5_IRQHandler                       0x0800027b   Thumb Code     0  startup_stm32f40_41xxx.o(.text)
    FLASH_IRQHandler                         0x0800027b   Thumb Code     0  startup_stm32f40_41xxx.o(.text)
    FPU_IRQHandler                           0x0800027b   Thumb Code     0  startup_stm32f40_41xxx.o(.text)
    FSMC_IRQHandler                          0x0800027b   Thumb Code     0  startup_stm32f40_41xxx.o(.text)
    HASH_RNG_IRQHandler                      0x0800027b   Thumb Code     0  startup_stm32f40_41xxx.o(.text)
    I2C1_ER_IRQHandler                       0x0800027b   Thumb Code     0  startup_stm32f40_41xxx.o(.text)
    I2C1_EV_IRQHandler                       0x0800027b   Thumb Code     0  startup_stm32f40_41xxx.o(.text)
    I2C2_ER_IRQHandler                       0x0800027b   Thumb Code     0  startup_stm32f40_41xxx.o(.text)
    I2C2_EV_IRQHandler                       0x0800027b   Thumb Code     0  startup_stm32f40_41xxx.o(.text)
    I2C3_ER_IRQHandler                       0x0800027b   Thumb Code     0  startup_stm32f40_41xxx.o(.text)
    I2C3_EV_IRQHandler                       0x0800027b   Thumb Code     0  startup_stm32f40_41xxx.o(.text)
    OTG_FS_IRQHandler                        0x0800027b   Thumb Code     0  startup_stm32f40_41xxx.o(.text)
    OTG_FS_WKUP_IRQHandler                   0x0800027b   Thumb Code     0  startup_stm32f40_41xxx.o(.text)
    OTG_HS_EP1_IN_IRQHandler                 0x0800027b   Thumb Code     0  startup_stm32f40_41xxx.o(.text)
    OTG_HS_EP1_OUT_IRQHandler                0x0800027b   Thumb Code     0  startup_stm32f40_41xxx.o(.text)
    OTG_HS_IRQHandler                        0x0800027b   Thumb Code     0  startup_stm32f40_41xxx.o(.text)
    OTG_HS_WKUP_IRQHandler                   0x0800027b   Thumb Code     0  startup_stm32f40_41xxx.o(.text)
    PVD_IRQHandler                           0x0800027b   Thumb Code     0  startup_stm32f40_41xxx.o(.text)
    RCC_IRQHandler                           0x0800027b   Thumb Code     0  startup_stm32f40_41xxx.o(.text)
    RTC_Alarm_IRQHandler                     0x0800027b   Thumb Code     0  startup_stm32f40_41xxx.o(.text)
    RTC_WKUP_IRQHandler                      0x0800027b   Thumb Code     0  startup_stm32f40_41xxx.o(.text)
    SDIO_IRQHandler                          0x0800027b   Thumb Code     0  startup_stm32f40_41xxx.o(.text)
    SPI1_IRQHandler                          0x0800027b   Thumb Code     0  startup_stm32f40_41xxx.o(.text)
    SPI2_IRQHandler                          0x0800027b   Thumb Code     0  startup_stm32f40_41xxx.o(.text)
    SPI3_IRQHandler                          0x0800027b   Thumb Code     0  startup_stm32f40_41xxx.o(.text)
    TAMP_STAMP_IRQHandler                    0x0800027b   Thumb Code     0  startup_stm32f40_41xxx.o(.text)
    TIM1_BRK_TIM9_IRQHandler                 0x0800027b   Thumb Code     0  startup_stm32f40_41xxx.o(.text)
    TIM1_CC_IRQHandler                       0x0800027b   Thumb Code     0  startup_stm32f40_41xxx.o(.text)
    TIM1_TRG_COM_TIM11_IRQHandler            0x0800027b   Thumb Code     0  startup_stm32f40_41xxx.o(.text)
    TIM3_IRQHandler                          0x0800027b   Thumb Code     0  startup_stm32f40_41xxx.o(.text)
    TIM4_IRQHandler                          0x0800027b   Thumb Code     0  startup_stm32f40_41xxx.o(.text)
    TIM5_IRQHandler                          0x0800027b   Thumb Code     0  startup_stm32f40_41xxx.o(.text)
    TIM7_IRQHandler                          0x0800027b   Thumb Code     0  startup_stm32f40_41xxx.o(.text)
    TIM8_BRK_TIM12_IRQHandler                0x0800027b   Thumb Code     0  startup_stm32f40_41xxx.o(.text)
    TIM8_CC_IRQHandler                       0x0800027b   Thumb Code     0  startup_stm32f40_41xxx.o(.text)
    TIM8_TRG_COM_TIM14_IRQHandler            0x0800027b   Thumb Code     0  startup_stm32f40_41xxx.o(.text)
    TIM8_UP_TIM13_IRQHandler                 0x0800027b   Thumb Code     0  startup_stm32f40_41xxx.o(.text)
    UART4_IRQHandler                         0x0800027b   Thumb Code     0  startup_stm32f40_41xxx.o(.text)
    UART5_IRQHandler                         0x0800027b   Thumb Code     0  startup_stm32f40_41xxx.o(.text)
    USART1_IRQHandler                        0x0800027b   Thumb Code     0  startup_stm32f40_41xxx.o(.text)
    USART3_IRQHandler                        0x0800027b   Thumb Code     0  startup_stm32f40_41xxx.o(.text)
    USART6_IRQHandler                        0x0800027b   Thumb Code     0  startup_stm32f40_41xxx.o(.text)
    WWDG_IRQHandler                          0x0800027b   Thumb Code     0  startup_stm32f40_41xxx.o(.text)
    ___aeabi_memcpy4$move                    0x08000285   Thumb Code     0  memmovea.o(.text)
    ___aeabi_memcpy8$move                    0x08000285   Thumb Code     0  memmovea.o(.text)
    __aeabi_memcpy                           0x08000285   Thumb Code    64  memmovea.o(.text)
    __aeabi_memmove                          0x08000285   Thumb Code     0  memmovea.o(.text)
    __aeabi_memmove4                         0x08000285   Thumb Code     0  memmovea.o(.text)
    __aeabi_memmove8                         0x08000285   Thumb Code     0  memmovea.o(.text)
    __aeabi_memset                           0x080002c5   Thumb Code    14  memseta.o(.text)
    __aeabi_memset4                          0x080002c5   Thumb Code     0  memseta.o(.text)
    __aeabi_memset8                          0x080002c5   Thumb Code     0  memseta.o(.text)
    __aeabi_memclr                           0x080002d3   Thumb Code     4  memseta.o(.text)
    __aeabi_memclr4                          0x080002d3   Thumb Code     0  memseta.o(.text)
    __aeabi_memclr8                          0x080002d3   Thumb Code     0  memseta.o(.text)
    memset                                   0x080002d7   Thumb Code    18  memseta.o(.text)
    __scatterload                            0x080002e9   Thumb Code    28  init.o(.text)
    __scatterload_rt2                        0x080002e9   Thumb Code     0  init.o(.text)
    __decompress                             0x0800030d   Thumb Code     0  __dczerorl2.o(.text)
    __decompress1                            0x0800030d   Thumb Code    86  __dczerorl2.o(.text)
    BusFault_Handler                         0x08000363   Thumb Code     4  stm32f4xx_it.o(i.BusFault_Handler)
    DebugMon_Handler                         0x08000367   Thumb Code     2  stm32f4xx_it.o(i.DebugMon_Handler)
    ETH_DMAClearITPendingBit                 0x08000369   Thumb Code     6  stm32f4x7_eth.o(i.ETH_DMAClearITPendingBit)
    ETH_GetDMARxDescFrameLength              0x08000375   Thumb Code    10  stm32f4x7_eth.o(i.ETH_GetDMARxDescFrameLength)
    ETH_GetRxPktSize                         0x0800037f   Thumb Code    42  stm32f4x7_eth.o(i.ETH_GetRxPktSize)
    ETH_IRQHandler                           0x080003a9   Thumb Code    36  stm32f4xx_it.o(i.ETH_IRQHandler)
    EnterCriticalSection                     0x080003d1   Thumb Code     4  mbport.o(i.EnterCriticalSection)
    ExitCriticalSection                      0x080003d5   Thumb Code     4  mbport.o(i.ExitCriticalSection)
    GPIO_Init                                0x080003d9   Thumb Code   144  stm32f4xx_gpio.o(i.GPIO_Init)
    GPIO_PinAFConfig                         0x08000469   Thumb Code    70  stm32f4xx_gpio.o(i.GPIO_PinAFConfig)
    GPIO_SetBits                             0x080004af   Thumb Code     4  stm32f4xx_gpio.o(i.GPIO_SetBits)
    HardFault_Handler                        0x080004b3   Thumb Code     4  stm32f4xx_it.o(i.HardFault_Handler)
    MemManage_Handler                        0x080004b7   Thumb Code     4  stm32f4xx_it.o(i.MemManage_Handler)
    NMI_Handler                              0x080004bb   Thumb Code     2  stm32f4xx_it.o(i.NMI_Handler)
    NVIC_Init                                0x080004bd   Thumb Code   106  misc.o(i.NVIC_Init)
    NVIC_PriorityGroupConfig                 0x08000535   Thumb Code    10  misc.o(i.NVIC_PriorityGroupConfig)
    RCC_AHB1PeriphClockCmd                   0x08000549   Thumb Code    26  stm32f4xx_rcc.o(i.RCC_AHB1PeriphClockCmd)
    RCC_APB1PeriphClockCmd                   0x08000569   Thumb Code    26  stm32f4xx_rcc.o(i.RCC_APB1PeriphClockCmd)
    RCC_APB2PeriphClockCmd                   0x08000589   Thumb Code    26  stm32f4xx_rcc.o(i.RCC_APB2PeriphClockCmd)
    RCC_GetClocksFreq                        0x080005a9   Thumb Code   214  stm32f4xx_rcc.o(i.RCC_GetClocksFreq)
    SysTick_Handler                          0x0800077d   Thumb Code    46  port.o(i.SysTick_Handler)
    SystemInit                               0x080007b1   Thumb Code    88  system_stm32f4xx.o(i.SystemInit)
    TIM1_UP_TIM10_IRQHandler                 0x08000819   Thumb Code    28  stm32f4xx_it.o(i.TIM1_UP_TIM10_IRQHandler)
    TIM2_IRQHandler                          0x08000839   Thumb Code    28  porttimer.o(i.TIM2_IRQHandler)
    TIM6_DAC_IRQHandler                      0x08000855   Thumb Code    34  stm32f4xx_it.o(i.TIM6_DAC_IRQHandler)
    TIM_ClearITPendingBit                    0x08000881   Thumb Code     6  stm32f4xx_tim.o(i.TIM_ClearITPendingBit)
    TIM_Cmd                                  0x08000887   Thumb Code    24  stm32f4xx_tim.o(i.TIM_Cmd)
    TIM_GetITStatus                          0x0800089f   Thumb Code    34  stm32f4xx_tim.o(i.TIM_GetITStatus)
    TIM_ITConfig                             0x080008c1   Thumb Code    18  stm32f4xx_tim.o(i.TIM_ITConfig)
    TIM_SetCounter                           0x080008d3   Thumb Code     4  stm32f4xx_tim.o(i.TIM_SetCounter)
    TIM_TimeBaseInit                         0x080008d9   Thumb Code   104  stm32f4xx_tim.o(i.TIM_TimeBaseInit)
    USART2_IRQHandler                        0x0800095d   Thumb Code    82  portserial.o(i.USART2_IRQHandler)
    USART_ClearITPendingBit                  0x080009b5   Thumb Code    30  stm32f4xx_usart.o(i.USART_ClearITPendingBit)
    USART_Cmd                                0x080009d3   Thumb Code    24  stm32f4xx_usart.o(i.USART_Cmd)
    USART_GetITStatus                        0x080009eb   Thumb Code    84  stm32f4xx_usart.o(i.USART_GetITStatus)
    USART_ITConfig                           0x08000a3f   Thumb Code    74  stm32f4xx_usart.o(i.USART_ITConfig)
    USART_Init                               0x08000a89   Thumb Code   204  stm32f4xx_usart.o(i.USART_Init)
    USART_ReceiveData                        0x08000b5d   Thumb Code    10  stm32f4xx_usart.o(i.USART_ReceiveData)
    USART_SendData                           0x08000b67   Thumb Code     8  stm32f4xx_usart.o(i.USART_SendData)
    UsageFault_Handler                       0x08000b6f   Thumb Code     4  stm32f4xx_it.o(i.UsageFault_Handler)
    __scatterload_copy                       0x08000b73   Thumb Code    14  handlers.o(i.__scatterload_copy)
    __scatterload_null                       0x08000b81   Thumb Code     2  handlers.o(i.__scatterload_null)
    __scatterload_zeroinit                   0x08000b83   Thumb Code    14  handlers.o(i.__scatterload_zeroinit)
    delay_timer_config                       0x08000b91   Thumb Code   100  timer.o(i.delay_timer_config)
    delay_update                             0x08000bf9   Thumb Code    18  timer.o(i.delay_update)
    eMBEnable                                0x08000c75   Thumb Code    32  mb.o(i.eMBEnable)
    eMBFuncReadCoils                         0x08000c9d   Thumb Code   174  mbfunccoils.o(i.eMBFuncReadCoils)
    eMBFuncReadDiscreteInputs                0x08000d4b   Thumb Code   172  mbfuncdisc.o(i.eMBFuncReadDiscreteInputs)
    eMBFuncReadHoldingRegister               0x08000df7   Thumb Code   140  mbfuncholding.o(i.eMBFuncReadHoldingRegister)
    eMBFuncReadInputRegister                 0x08000e83   Thumb Code   140  mbfuncinput.o(i.eMBFuncReadInputRegister)
    eMBFuncReadWriteMultipleHoldingRegister  0x08000f0f   Thumb Code   212  mbfuncholding.o(i.eMBFuncReadWriteMultipleHoldingRegister)
    eMBFuncReportSlaveID                     0x08000fe5   Thumb Code    30  mbfuncother.o(i.eMBFuncReportSlaveID)
    eMBFuncWriteCoil                         0x0800100d   Thumb Code   112  mbfunccoils.o(i.eMBFuncWriteCoil)
    eMBFuncWriteHoldingRegister              0x0800107d   Thumb Code    66  mbfuncholding.o(i.eMBFuncWriteHoldingRegister)
    eMBFuncWriteMultipleCoils                0x080010bf   Thumb Code   144  mbfunccoils.o(i.eMBFuncWriteMultipleCoils)
    eMBFuncWriteMultipleHoldingRegister      0x0800114f   Thumb Code   110  mbfuncholding.o(i.eMBFuncWriteMultipleHoldingRegister)
    eMBInit                                  0x080011bd   Thumb Code   150  mb.o(i.eMBInit)
    eMBPoll                                  0x0800129d   Thumb Code   268  mb.o(i.eMBPoll)
    eMBRTUInit                               0x080013d5   Thumb Code    84  mbrtu.o(i.eMBRTUInit)
    eMBRTUReceive                            0x0800142d   Thumb Code    78  mbrtu.o(i.eMBRTUReceive)
    eMBRTUSend                               0x08001485   Thumb Code   154  mbrtu.o(i.eMBRTUSend)
    eMBRTUStart                              0x08001535   Thumb Code    30  mbrtu.o(i.eMBRTUStart)
    eMBRTUStop                               0x08001559   Thumb Code    24  mbrtu.o(i.eMBRTUStop)
    eMBRegCoilsCB                            0x08001571   Thumb Code   146  modbus.o(i.eMBRegCoilsCB)
    eMBRegDiscreteCB                         0x08001609   Thumb Code    90  modbus.o(i.eMBRegDiscreteCB)
    eMBRegHoldingCB                          0x08001669   Thumb Code   118  modbus.o(i.eMBRegHoldingCB)
    eMBRegInputCB                            0x080016e9   Thumb Code    62  modbus.o(i.eMBRegInputCB)
    eth_rx_packet                            0x08001731   Thumb Code   148  eth.o(i.eth_rx_packet)
    ethernetif_input                         0x080017cd   Thumb Code    44  ethernetif.o(i.ethernetif_input)
    lwip_pkt_handle                          0x0800186d   Thumb Code    10  lwip_comm.o(i.lwip_pkt_handle)
    main                                     0x0800187d   Thumb Code    52  main.o(i.main)
    mem_free                                 0x080018b1   Thumb Code   206  mem.o(i.mem_free)
    mem_malloc                               0x080019e9   Thumb Code   374  mem.o(i.mem_malloc)
    memp_free                                0x08001b7d   Thumb Code    36  memp.o(i.memp_free)
    memp_malloc                              0x08001ba5   Thumb Code    32  memp.o(i.memp_malloc)
    modbus_timer_config                      0x08001bc9   Thumb Code   102  timer.o(i.modbus_timer_config)
    my_led_config                            0x08001c31   Thumb Code    60  led.o(i.my_led_config)
    pbuf_alloc                               0x08001c71   Thumb Code   300  pbuf.o(i.pbuf_alloc)
    pbuf_alloc_reference                     0x08001d9d   Thumb Code    52  pbuf.o(i.pbuf_alloc_reference)
    pbuf_free                                0x08001dd1   Thumb Code   138  pbuf.o(i.pbuf_free)
    prveMBError2Exception                    0x08001f45   Thumb Code    34  mbutils.o(i.prveMBError2Exception)
    prvvMBSerialRXIRQHandler                 0x08001f69   Thumb Code    10  portserial.o(i.prvvMBSerialRXIRQHandler)
    prvvMBSerialTXIRQHandler                 0x08001f79   Thumb Code    10  portserial.o(i.prvvMBSerialTXIRQHandler)
    prvvMBTimerIRQHandler                    0x08001f89   Thumb Code    10  porttimer.o(i.prvvMBTimerIRQHandler)
    rs485_config                             0x08001fa9   Thumb Code   186  485.o(i.rs485_config)
    rs485_send_byte                          0x08002071   Thumb Code    22  485.o(i.rs485_send_byte)
    usMBCRC16                                0x0800208d   Thumb Code    48  mbcrc.o(i.usMBCRC16)
    vMBPortSerialEnable                      0x080020c5   Thumb Code    64  portserial.o(i.vMBPortSerialEnable)
    vMBPortTimersDisable                     0x08002109   Thumb Code    42  porttimer.o(i.vMBPortTimersDisable)
    vMBPortTimersEnable                      0x08002133   Thumb Code    40  porttimer.o(i.vMBPortTimersEnable)
    vTaskSwitchContext                       0x0800215d   Thumb Code   118  tasks.o(i.vTaskSwitchContext)
    xMBPortEventGet                          0x080021e9   Thumb Code    26  portevent.o(i.xMBPortEventGet)
    xMBPortEventInit                         0x0800220d   Thumb Code    10  portevent.o(i.xMBPortEventInit)
    xMBPortEventPost                         0x0800221d   Thumb Code    16  portevent.o(i.xMBPortEventPost)
    xMBPortSerialGetByte                     0x08002235   Thumb Code    16  portserial.o(i.xMBPortSerialGetByte)
    xMBPortSerialInit                        0x08002249   Thumb Code    26  portserial.o(i.xMBPortSerialInit)
    xMBPortSerialPutByte                     0x08002265   Thumb Code    16  portserial.o(i.xMBPortSerialPutByte)
    xMBPortTimersInit                        0x08002279   Thumb Code    20  porttimer.o(i.xMBPortTimersInit)
    xMBRTUReceiveFSM                         0x0800228d   Thumb Code   122  mbrtu.o(i.xMBRTUReceiveFSM)
    xMBRTUTimerT35Expired                    0x08002315   Thumb Code    60  mbrtu.o(i.xMBRTUTimerT35Expired)
    xMBRTUTransmitFSM                        0x08002355   Thumb Code    94  mbrtu.o(i.xMBRTUTransmitFSM)
    xMBUtilGetBits                           0x080023c1   Thumb Code    42  mbutils.o(i.xMBUtilGetBits)
    xMBUtilSetBits                           0x080023eb   Thumb Code    96  mbutils.o(i.xMBUtilSetBits)
    xTaskIncrementTick                       0x0800244d   Thumb Code   398  tasks.o(i.xTaskIncrementTick)
    memp_RAW_PCB                             0x08002808   Data          20  memp.o(.constdata)
    memp_REASSDATA                           0x0800281c   Data          20  memp.o(.constdata)
    memp_FRAG_PBUF                           0x08002830   Data          20  memp.o(.constdata)
    memp_ARP_QUEUE                           0x08002844   Data          20  memp.o(.constdata)
    memp_IGMP_GROUP                          0x08002858   Data          20  memp.o(.constdata)
    memp_SYS_TIMEOUT                         0x0800286c   Data          20  memp.o(.constdata)
    memp_PBUF                                0x08002880   Data          20  memp.o(.constdata)
    memp_PBUF_POOL                           0x08002894   Data          20  memp.o(.constdata)
    memp_pools                               0x080028a8   Data          32  memp.o(.constdata)
    Region$$Table$$Base                      0x08002928   Number         0  anon$$obj.o(Region$$Table)
    Region$$Table$$Limit                     0x08002948   Number         0  anon$$obj.o(Region$$Table)
    mem3base                                 0x10000000   Data       61440  malloc.o(.ARM.__AT_0x10000000)
    mem3mapbase                              0x1000f000   Data        3840  malloc.o(.ARM.__AT_0x1000F000)
    g_delay_time                             0x20000000   Data           4  timer.o(.data)
    pxMBFrameCBByteReceived                  0x2000001c   Data           4  mb.o(.data)
    pxMBFrameCBTransmitterEmpty              0x20000020   Data           4  mb.o(.data)
    pxMBPortCBTimerExpired                   0x20000024   Data           4  mb.o(.data)
    pxMBFrameCBReceiveFSMCur                 0x20000028   Data           4  mb.o(.data)
    pxMBFrameCBTransmitFSMCur                0x2000002c   Data           4  mb.o(.data)
    usRegInputBuf                            0x200000ba   Data          16  modbus.o(.data)
    usRegInputStart                          0x200000ca   Data           2  modbus.o(.data)
    usRegHoldingBuf                          0x200000cc   Data          16  modbus.o(.data)
    usRegHoldingStart                        0x200000dc   Data           2  modbus.o(.data)
    ucRegCoilsBuf                            0x200000de   Data           2  modbus.o(.data)
    ucRegDiscreteBuf                         0x200000e0   Data           2  modbus.o(.data)
    pg_memp_memory                           0x200000f4   Data           4  lwip_comm.o(.data)
    pg_ram_heap                              0x200000f8   Data           4  lwip_comm.o(.data)
    g_tcp_timer                              0x200000fc   Data           4  lwip_comm.o(.data)
    g_arp_timer                              0x20000100   Data           4  lwip_comm.o(.data)
    g_lwip_localtime                         0x20000104   Data           4  lwip_comm.o(.data)
    pxCurrentTCB                             0x20000134   Data           4  tasks.o(.data)
    uxTopUsedPriority                        0x2000016c   Data           4  tasks.o(.data)
    DMATxDescToSet                           0x20000184   Data           4  stm32f4x7_eth.o(.data)
    DMARxDescToGet                           0x20000188   Data           4  stm32f4x7_eth.o(.data)
    DMA_RX_FRAME_infos                       0x2000018c   Data           4  stm32f4x7_eth.o(.data)
    Frame_Rx_index                           0x20000190   Data           4  stm32f4x7_eth.o(.data)
    g_recv_485_buf                           0x20000194   Data         100  485.o(.bss)
    ucRTUBuf                                 0x200001f8   Data         256  mbrtu.o(.bss)
    g_lwip_dev                               0x20000318   Data          23  lwip_comm.o(.bss)
    g_lwip_netif                             0x20000330   Data          76  lwip_comm.o(.bss)
    memp_memory_RAW_PCB_base                 0x2000037c   Data          87  memp.o(.bss)
    memp_memory_REASSDATA_base               0x200003e4   Data        1923  memp.o(.bss)
    memp_memory_FRAG_PBUF_base               0x20000b78   Data         363  memp.o(.bss)
    memp_memory_ARP_QUEUE_base               0x20000cf4   Data         243  memp.o(.bss)
    memp_memory_IGMP_GROUP_base              0x20000df8   Data         131  memp.o(.bss)
    memp_memory_SYS_TIMEOUT_base             0x20000e8c   Data         275  memp.o(.bss)
    memp_memory_PBUF_base                    0x20000fb0   Data         259  memp.o(.bss)
    memp_memory_PBUF_POOL_base               0x200010c4   Data       32643  memp.o(.bss)
    lwip_stats                               0x20009058   Data         264  stats.o(.bss)
    __initial_sp                             0x2000b228   Data           0  startup_stm32f40_41xxx.o(STACK)
    mem2base                                 0xc01f4000   Data        1024  malloc.o(.ARM.__AT_0xC01F4000)
    mem2mapbase                              0xc01f4400   Data          64  malloc.o(.ARM.__AT_0xC01F4400)



==============================================================================

Memory Map of the image

  Image Entry point : 0x08000189

  Load Region LR_IROM1 (Base: 0x08000000, Size: 0x00002adc, Max: 0x00080000, ABSOLUTE, COMPRESSED[0x000029c0])

    Execution Region ER_IROM1 (Exec base: 0x08000000, Load base: 0x08000000, Size: 0x00002948, Max: 0x00080000, ABSOLUTE)

    Exec Addr    Load Addr    Size         Type   Attr      Idx    E Section Name        Object

    0x08000000   0x08000000   0x00000188   Data   RO        10015    RESET               startup_stm32f40_41xxx.o
    0x08000188   0x08000188   0x00000000   Code   RO        10020  * .ARM.Collect$$$$00000000  mc_w.l(entry.o)
    0x08000188   0x08000188   0x00000004   Code   RO        10335    .ARM.Collect$$$$00000001  mc_w.l(entry2.o)
    0x0800018c   0x0800018c   0x00000004   Code   RO        10338    .ARM.Collect$$$$00000004  mc_w.l(entry5.o)
    0x08000190   0x08000190   0x00000000   Code   RO        10340    .ARM.Collect$$$$00000008  mc_w.l(entry7b.o)
    0x08000190   0x08000190   0x00000000   Code   RO        10342    .ARM.Collect$$$$0000000A  mc_w.l(entry8b.o)
    0x08000190   0x08000190   0x00000008   Code   RO        10343    .ARM.Collect$$$$0000000B  mc_w.l(entry9a.o)
    0x08000198   0x08000198   0x00000004   Code   RO        10350    .ARM.Collect$$$$0000000E  mc_w.l(entry12b.o)
    0x0800019c   0x0800019c   0x00000000   Code   RO        10345    .ARM.Collect$$$$0000000F  mc_w.l(entry10a.o)
    0x0800019c   0x0800019c   0x00000000   Code   RO        10347    .ARM.Collect$$$$00000011  mc_w.l(entry11a.o)
    0x0800019c   0x0800019c   0x00000004   Code   RO        10336    .ARM.Collect$$$$00002712  mc_w.l(entry2.o)
    0x080001a0   0x080001a0   0x000000be   Code   RO         3351    .emb_text           port.o
    0x0800025e   0x0800025e   0x00000002   PAD
    0x08000260   0x08000260   0x00000024   Code   RO        10016    .text               startup_stm32f40_41xxx.o
    0x08000284   0x08000284   0x00000040   Code   RO        10056    .text               mc_w.l(memmovea.o)
    0x080002c4   0x080002c4   0x00000024   Code   RO        10060    .text               mc_w.l(memseta.o)
    0x080002e8   0x080002e8   0x00000024   Code   RO        10378    .text               mc_w.l(init.o)
    0x0800030c   0x0800030c   0x00000056   Code   RO        10402    .text               mc_w.l(__dczerorl2.o)
    0x08000362   0x08000362   0x00000004   Code   RO          185    i.BusFault_Handler  stm32f4xx_it.o
    0x08000366   0x08000366   0x00000002   Code   RO          186    i.DebugMon_Handler  stm32f4xx_it.o
    0x08000368   0x08000368   0x0000000c   Code   RO         9453    i.ETH_DMAClearITPendingBit  stm32f4x7_eth.o
    0x08000374   0x08000374   0x0000000a   Code   RO         9482    i.ETH_GetDMARxDescFrameLength  stm32f4x7_eth.o
    0x0800037e   0x0800037e   0x0000002a   Code   RO         9495    i.ETH_GetRxPktSize  stm32f4x7_eth.o
    0x080003a8   0x080003a8   0x00000028   Code   RO          187    i.ETH_IRQHandler    stm32f4xx_it.o
    0x080003d0   0x080003d0   0x00000004   Code   RO          786    i.EnterCriticalSection  mbport.o
    0x080003d4   0x080003d4   0x00000004   Code   RO          787    i.ExitCriticalSection  mbport.o
    0x080003d8   0x080003d8   0x00000090   Code   RO         6320    i.GPIO_Init         stm32f4xx_gpio.o
    0x08000468   0x08000468   0x00000046   Code   RO         6321    i.GPIO_PinAFConfig  stm32f4xx_gpio.o
    0x080004ae   0x080004ae   0x00000004   Code   RO         6328    i.GPIO_SetBits      stm32f4xx_gpio.o
    0x080004b2   0x080004b2   0x00000004   Code   RO          188    i.HardFault_Handler  stm32f4xx_it.o
    0x080004b6   0x080004b6   0x00000004   Code   RO          189    i.MemManage_Handler  stm32f4xx_it.o
    0x080004ba   0x080004ba   0x00000002   Code   RO          190    i.NMI_Handler       stm32f4xx_it.o
    0x080004bc   0x080004bc   0x00000078   Code   RO         4445    i.NVIC_Init         misc.o
    0x08000534   0x08000534   0x00000014   Code   RO         4446    i.NVIC_PriorityGroupConfig  misc.o
    0x08000548   0x08000548   0x00000020   Code   RO         7246    i.RCC_AHB1PeriphClockCmd  stm32f4xx_rcc.o
    0x08000568   0x08000568   0x00000020   Code   RO         7255    i.RCC_APB1PeriphClockCmd  stm32f4xx_rcc.o
    0x08000588   0x08000588   0x00000020   Code   RO         7258    i.RCC_APB2PeriphClockCmd  stm32f4xx_rcc.o
    0x080005a8   0x080005a8   0x000000e8   Code   RO         7267    i.RCC_GetClocksFreq  stm32f4xx_rcc.o
    0x08000690   0x08000690   0x000000ec   Code   RO         9975    i.SetSysClock       system_stm32f4xx.o
    0x0800077c   0x0800077c   0x00000034   Code   RO         3352    i.SysTick_Handler   port.o
    0x080007b0   0x080007b0   0x00000068   Code   RO         9977    i.SystemInit        system_stm32f4xx.o
    0x08000818   0x08000818   0x00000020   Code   RO          191    i.TIM1_UP_TIM10_IRQHandler  stm32f4xx_it.o
    0x08000838   0x08000838   0x0000001c   Code   RO          917    i.TIM2_IRQHandler   porttimer.o
    0x08000854   0x08000854   0x0000002c   Code   RO          192    i.TIM6_DAC_IRQHandler  stm32f4xx_it.o
    0x08000880   0x08000880   0x00000006   Code   RO         8637    i.TIM_ClearITPendingBit  stm32f4xx_tim.o
    0x08000886   0x08000886   0x00000018   Code   RO         8642    i.TIM_Cmd           stm32f4xx_tim.o
    0x0800089e   0x0800089e   0x00000022   Code   RO         8663    i.TIM_GetITStatus   stm32f4xx_tim.o
    0x080008c0   0x080008c0   0x00000012   Code   RO         8667    i.TIM_ITConfig      stm32f4xx_tim.o
    0x080008d2   0x080008d2   0x00000004   Code   RO         8708    i.TIM_SetCounter    stm32f4xx_tim.o
    0x080008d6   0x080008d6   0x00000002   PAD
    0x080008d8   0x080008d8   0x00000084   Code   RO         8714    i.TIM_TimeBaseInit  stm32f4xx_tim.o
    0x0800095c   0x0800095c   0x00000058   Code   RO          854    i.USART2_IRQHandler  portserial.o
    0x080009b4   0x080009b4   0x0000001e   Code   RO         9193    i.USART_ClearITPendingBit  stm32f4xx_usart.o
    0x080009d2   0x080009d2   0x00000018   Code   RO         9196    i.USART_Cmd         stm32f4xx_usart.o
    0x080009ea   0x080009ea   0x00000054   Code   RO         9200    i.USART_GetITStatus  stm32f4xx_usart.o
    0x08000a3e   0x08000a3e   0x0000004a   Code   RO         9202    i.USART_ITConfig    stm32f4xx_usart.o
    0x08000a88   0x08000a88   0x000000d4   Code   RO         9203    i.USART_Init        stm32f4xx_usart.o
    0x08000b5c   0x08000b5c   0x0000000a   Code   RO         9210    i.USART_ReceiveData  stm32f4xx_usart.o
    0x08000b66   0x08000b66   0x00000008   Code   RO         9213    i.USART_SendData    stm32f4xx_usart.o
    0x08000b6e   0x08000b6e   0x00000004   Code   RO          193    i.UsageFault_Handler  stm32f4xx_it.o
    0x08000b72   0x08000b72   0x0000000e   Code   RO        10396    i.__scatterload_copy  mc_w.l(handlers.o)
    0x08000b80   0x08000b80   0x00000002   Code   RO        10397    i.__scatterload_null  mc_w.l(handlers.o)
    0x08000b82   0x08000b82   0x0000000e   Code   RO        10398    i.__scatterload_zeroinit  mc_w.l(handlers.o)
    0x08000b90   0x08000b90   0x00000068   Code   RO          580    i.delay_timer_config  timer.o
    0x08000bf8   0x08000bf8   0x00000018   Code   RO          581    i.delay_update      timer.o
    0x08000c10   0x08000c10   0x00000020   Code   RO         1986    i.do_memp_free_pool  memp.o
    0x08000c30   0x08000c30   0x00000042   Code   RO         1987    i.do_memp_malloc_pool  memp.o
    0x08000c72   0x08000c72   0x00000002   PAD
    0x08000c74   0x08000c74   0x00000028   Code   RO          662    i.eMBEnable         mb.o
    0x08000c9c   0x08000c9c   0x000000ae   Code   RO         1087    i.eMBFuncReadCoils  mbfunccoils.o
    0x08000d4a   0x08000d4a   0x000000ac   Code   RO         1126    i.eMBFuncReadDiscreteInputs  mbfuncdisc.o
    0x08000df6   0x08000df6   0x0000008c   Code   RO         1150    i.eMBFuncReadHoldingRegister  mbfuncholding.o
    0x08000e82   0x08000e82   0x0000008c   Code   RO         1192    i.eMBFuncReadInputRegister  mbfuncinput.o
    0x08000f0e   0x08000f0e   0x000000d4   Code   RO         1151    i.eMBFuncReadWriteMultipleHoldingRegister  mbfuncholding.o
    0x08000fe2   0x08000fe2   0x00000002   PAD
    0x08000fe4   0x08000fe4   0x00000028   Code   RO         1216    i.eMBFuncReportSlaveID  mbfuncother.o
    0x0800100c   0x0800100c   0x00000070   Code   RO         1088    i.eMBFuncWriteCoil  mbfunccoils.o
    0x0800107c   0x0800107c   0x00000042   Code   RO         1152    i.eMBFuncWriteHoldingRegister  mbfuncholding.o
    0x080010be   0x080010be   0x00000090   Code   RO         1089    i.eMBFuncWriteMultipleCoils  mbfunccoils.o
    0x0800114e   0x0800114e   0x0000006e   Code   RO         1153    i.eMBFuncWriteMultipleHoldingRegister  mbfuncholding.o
    0x080011bc   0x080011bc   0x000000e0   Code   RO          663    i.eMBInit           mb.o
    0x0800129c   0x0800129c   0x00000138   Code   RO          664    i.eMBPoll           mb.o
    0x080013d4   0x080013d4   0x00000058   Code   RO          993    i.eMBRTUInit        mbrtu.o
    0x0800142c   0x0800142c   0x00000058   Code   RO          994    i.eMBRTUReceive     mbrtu.o
    0x08001484   0x08001484   0x000000b0   Code   RO          995    i.eMBRTUSend        mbrtu.o
    0x08001534   0x08001534   0x00000024   Code   RO          996    i.eMBRTUStart       mbrtu.o
    0x08001558   0x08001558   0x00000018   Code   RO          997    i.eMBRTUStop        mbrtu.o
    0x08001570   0x08001570   0x00000098   Code   RO          738    i.eMBRegCoilsCB     modbus.o
    0x08001608   0x08001608   0x00000060   Code   RO          739    i.eMBRegDiscreteCB  modbus.o
    0x08001668   0x08001668   0x00000080   Code   RO          740    i.eMBRegHoldingCB   modbus.o
    0x080016e8   0x080016e8   0x00000048   Code   RO          741    i.eMBRegInputCB     modbus.o
    0x08001730   0x08001730   0x0000009c   Code   RO          489    i.eth_rx_packet     eth.o
    0x080017cc   0x080017cc   0x0000002c   Code   RO         1455    i.ethernetif_input  ethernetif.o
    0x080017f8   0x080017f8   0x00000074   Code   RO         1457    i.low_level_input   ethernetif.o
    0x0800186c   0x0800186c   0x00000010   Code   RO         1290    i.lwip_pkt_handle   lwip_comm.o
    0x0800187c   0x0800187c   0x00000034   Code   RO            4    i.main              main.o
    0x080018b0   0x080018b0   0x000000e0   Code   RO         1910    i.mem_free          mem.o
    0x08001990   0x08001990   0x00000058   Code   RO         1912    i.mem_link_valid    mem.o
    0x080019e8   0x080019e8   0x00000184   Code   RO         1913    i.mem_malloc        mem.o
    0x08001b6c   0x08001b6c   0x00000010   Code   RO         1914    i.mem_to_ptr        mem.o
    0x08001b7c   0x08001b7c   0x00000028   Code   RO         1988    i.memp_free         memp.o
    0x08001ba4   0x08001ba4   0x00000024   Code   RO         1993    i.memp_malloc       memp.o
    0x08001bc8   0x08001bc8   0x00000066   Code   RO          583    i.modbus_timer_config  timer.o
    0x08001c2e   0x08001c2e   0x00000002   PAD
    0x08001c30   0x08001c30   0x00000040   Code   RO          348    i.my_led_config     led.o
    0x08001c70   0x08001c70   0x0000012c   Code   RO         2322    i.pbuf_alloc        pbuf.o
    0x08001d9c   0x08001d9c   0x00000034   Code   RO         2323    i.pbuf_alloc_reference  pbuf.o
    0x08001dd0   0x08001dd0   0x0000008a   Code   RO         2334    i.pbuf_free         pbuf.o
    0x08001e5a   0x08001e5a   0x0000001e   Code   RO         2341    i.pbuf_init_alloced_pbuf  pbuf.o
    0x08001e78   0x08001e78   0x0000009c   Code   RO         1916    i.plug_holes        mem.o
    0x08001f14   0x08001f14   0x00000030   Code   RO         3945    i.prvResetNextTaskUnblockTime  tasks.o
    0x08001f44   0x08001f44   0x00000022   Code   RO         1249    i.prveMBError2Exception  mbutils.o
    0x08001f66   0x08001f66   0x00000002   PAD
    0x08001f68   0x08001f68   0x00000010   Code   RO          855    i.prvvMBSerialRXIRQHandler  portserial.o
    0x08001f78   0x08001f78   0x00000010   Code   RO          856    i.prvvMBSerialTXIRQHandler  portserial.o
    0x08001f88   0x08001f88   0x00000010   Code   RO          918    i.prvvMBTimerIRQHandler  porttimer.o
    0x08001f98   0x08001f98   0x00000010   Code   RO         1917    i.ptr_to_mem        mem.o
    0x08001fa8   0x08001fa8   0x000000c8   Code   RO          384    i.rs485_config      485.o
    0x08002070   0x08002070   0x0000001c   Code   RO          385    i.rs485_send_byte   485.o
    0x0800208c   0x0800208c   0x00000038   Code   RO          967    i.usMBCRC16         mbcrc.o
    0x080020c4   0x080020c4   0x00000044   Code   RO          857    i.vMBPortSerialEnable  portserial.o
    0x08002108   0x08002108   0x0000002a   Code   RO          919    i.vMBPortTimersDisable  porttimer.o
    0x08002132   0x08002132   0x00000028   Code   RO          920    i.vMBPortTimersEnable  porttimer.o
    0x0800215a   0x0800215a   0x00000002   PAD
    0x0800215c   0x0800215c   0x0000008c   Code   RO         3972    i.vTaskSwitchContext  tasks.o
    0x080021e8   0x080021e8   0x00000024   Code   RO          816    i.xMBPortEventGet   portevent.o
    0x0800220c   0x0800220c   0x00000010   Code   RO          817    i.xMBPortEventInit  portevent.o
    0x0800221c   0x0800221c   0x00000018   Code   RO          818    i.xMBPortEventPost  portevent.o
    0x08002234   0x08002234   0x00000014   Code   RO          858    i.xMBPortSerialGetByte  portserial.o
    0x08002248   0x08002248   0x0000001a   Code   RO          859    i.xMBPortSerialInit  portserial.o
    0x08002262   0x08002262   0x00000002   PAD
    0x08002264   0x08002264   0x00000014   Code   RO          860    i.xMBPortSerialPutByte  portserial.o
    0x08002278   0x08002278   0x00000014   Code   RO          921    i.xMBPortTimersInit  porttimer.o
    0x0800228c   0x0800228c   0x00000088   Code   RO          998    i.xMBRTUReceiveFSM  mbrtu.o
    0x08002314   0x08002314   0x00000040   Code   RO          999    i.xMBRTUTimerT35Expired  mbrtu.o
    0x08002354   0x08002354   0x0000006c   Code   RO         1000    i.xMBRTUTransmitFSM  mbrtu.o
    0x080023c0   0x080023c0   0x0000002a   Code   RO         1250    i.xMBUtilGetBits    mbutils.o
    0x080023ea   0x080023ea   0x00000060   Code   RO         1251    i.xMBUtilSetBits    mbutils.o
    0x0800244a   0x0800244a   0x00000002   PAD
    0x0800244c   0x0800244c   0x000001bc   Code   RO         3985    i.xTaskIncrementTick  tasks.o
    0x08002608   0x08002608   0x00000200   Data   RO          968    .constdata          mbcrc.o
    0x08002808   0x08002808   0x000000c0   Data   RO         1996    .constdata          memp.o
    0x080028c8   0x080028c8   0x00000060   Data   RO         1997    .conststring        memp.o
    0x08002928   0x08002928   0x00000020   Data   RO        10394    Region$$Table       anon$$obj.o


    Execution Region RW_IRAM1 (Exec base: 0x20000000, Load base: 0x08002948, Size: 0x0000b228, Max: 0x00020000, ABSOLUTE, COMPRESSED[0x00000078])

    Exec Addr    Load Addr    Size         Type   Attr      Idx    E Section Name        Object

    0x20000000   COMPRESSED   0x00000004   Data   RW          584    .data               timer.o
    0x20000004   COMPRESSED   0x000000b5   Data   RW          666    .data               mb.o
    0x200000b9   COMPRESSED   0x00000001   PAD
    0x200000ba   COMPRESSED   0x00000028   Data   RW          742    .data               modbus.o
    0x200000e2   COMPRESSED   0x00000002   Data   RW          819    .data               portevent.o
    0x200000e4   COMPRESSED   0x0000000c   Data   RW         1002    .data               mbrtu.o
    0x200000f0   COMPRESSED   0x00000002   Data   RW         1219    .data               mbfuncother.o
    0x200000f2   COMPRESSED   0x00000002   PAD
    0x200000f4   COMPRESSED   0x00000014   Data   RW         1292    .data               lwip_comm.o
    0x20000108   COMPRESSED   0x0000000c   Data   RW         1919    .data               mem.o
    0x20000114   COMPRESSED   0x00000020   Data   RW         1998    .data               memp.o
    0x20000134   COMPRESSED   0x00000040   Data   RW         3992    .data               tasks.o
    0x20000174   COMPRESSED   0x00000010   Data   RW         7299    .data               stm32f4xx_rcc.o
    0x20000184   COMPRESSED   0x00000010   Data   RW         9535    .data               stm32f4x7_eth.o
    0x20000194        -       0x00000064   Zero   RW          387    .bss                485.o
    0x200001f8        -       0x00000100   Zero   RW         1001    .bss                mbrtu.o
    0x200002f8        -       0x00000020   Zero   RW         1218    .bss                mbfuncother.o
    0x20000318        -       0x00000064   Zero   RW         1291    .bss                lwip_comm.o
    0x2000037c        -       0x00008cdc   Zero   RW         1995    .bss                memp.o
    0x20009058        -       0x00000108   Zero   RW         2636    .bss                stats.o
    0x20009160        -       0x000000c8   Zero   RW         3991    .bss                tasks.o
    0x20009228        -       0x00002000   Zero   RW        10013    STACK               startup_stm32f40_41xxx.o



  Load Region LR$$.ARM.__AT_0x10000000 (Base: 0x10000000, Size: 0x00000000, Max: 0x0000f000, ABSOLUTE)

    Execution Region ER$$.ARM.__AT_0x10000000 (Exec base: 0x10000000, Load base: 0x10000000, Size: 0x0000f000, Max: 0x0000f000, ABSOLUTE, UNINIT)

    Exec Addr    Load Addr    Size         Type   Attr      Idx    E Section Name        Object

    0x10000000        -       0x0000f000   Zero   RW          273    .ARM.__AT_0x10000000  malloc.o



  Load Region LR$$.ARM.__AT_0x1000F000 (Base: 0x1000f000, Size: 0x00000000, Max: 0x00000f00, ABSOLUTE)

    Execution Region ER$$.ARM.__AT_0x1000F000 (Exec base: 0x1000f000, Load base: 0x1000f000, Size: 0x00000f00, Max: 0x00000f00, ABSOLUTE, UNINIT)

    Exec Addr    Load Addr    Size         Type   Attr      Idx    E Section Name        Object

    0x1000f000        -       0x00000f00   Zero   RW          274    .ARM.__AT_0x1000F000  malloc.o



  Load Region LR$$.ARM.__AT_0xC01F4000 (Base: 0xc01f4000, Size: 0x00000000, Max: 0x00000400, ABSOLUTE)

    Execution Region ER$$.ARM.__AT_0xC01F4000 (Exec base: 0xc01f4000, Load base: 0xc01f4000, Size: 0x00000400, Max: 0x00000400, ABSOLUTE, UNINIT)

    Exec Addr    Load Addr    Size         Type   Attr      Idx    E Section Name        Object

    0xc01f4000        -       0x00000400   Zero   RW          275    .ARM.__AT_0xC01F4000  malloc.o



  Load Region LR$$.ARM.__AT_0xC01F4400 (Base: 0xc01f4400, Size: 0x00000000, Max: 0x00000040, ABSOLUTE)

    Execution Region ER$$.ARM.__AT_0xC01F4400 (Exec base: 0xc01f4400, Load base: 0xc01f4400, Size: 0x00000040, Max: 0x00000040, ABSOLUTE, UNINIT)

    Exec Addr    Load Addr    Size         Type   Attr      Idx    E Section Name        Object

    0xc01f4400        -       0x00000040   Zero   RW          276    .ARM.__AT_0xC01F4400  malloc.o


==============================================================================

Image component sizes


      Code (inc. data)   RO Data    RW Data    ZI Data      Debug   Object Name

       228         20          0          0        100       1849   485.o
         0          0          0          0          0       1992   api_lib.o
       156          8          0          0          0       1020   eth.o
       160          4          0          0          0       8862   ethernetif.o
         0          0          0          0          0       5964   event_groups.o
         0          0          0          0          0       2168   heap_4.o
         0          0          0          0          0       5925   init.o
        64          4          0          0          0        508   led.o
        16          6          0         20        100      19147   lwip_comm.o
        52          0          0          0          0     331068   main.o
         0          0          0          0      66368       1745   malloc.o
       576        126          0        181          0       4668   mb.o
        56          8        512          0          0       1204   mbcrc.o
       430          0          0          0          0       3838   mbfunccoils.o
       172          0          0          0          0       1620   mbfuncdisc.o
       528          0          0          0          0       5095   mbfuncholding.o
       140          0          0          0          0       1567   mbfuncinput.o
        40         10          0          2         32       1371   mbfuncother.o
         8          0          0          0          0        953   mbport.o
       720         74          0         12        256       6359   mbrtu.o
       172          0          0          0          0       2654   mbutils.o
       888         58          0         12          0       6071   mem.o
       174          8        288         32      36060       9311   memp.o
       140         24          0          0          0       1727   misc.o
       448         32          0         40          0       4258   modbus.o
       520          0          0          0          0       4116   pbuf.o
       242         22          0          0          0       3938   port.o
        76         24          0          2          0       2172   portevent.o
       254         30          0          0          0       4982   portserial.o
       146          6          0          0          0       2683   porttimer.o
        36          8        392          0       8192        828   startup_stm32f40_41xxx.o
         0          0          0          0        264       4929   stats.o
        64          6          0         16          0       2870   stm32f4x7_eth.o
       218          0          0          0          0       2558   stm32f4xx_gpio.o
       136         18          0          0          0       4151   stm32f4xx_it.o
       328         36          0         16          0       4959   stm32f4xx_rcc.o
       218         28          0          0          0       4611   stm32f4xx_tim.o
       442          8          0          0          0       5917   stm32f4xx_usart.o
       340         32          0          0          0       1585   system_stm32f4xx.o
       632         76          0         64        200      12407   tasks.o
       230         10          0          4          0       2013   timer.o

    ----------------------------------------------------------------------
      9068        686       1224        404     111572     495663   Object Totals
         0          0         32          0          0          0   (incl. Generated)
        18          0          0          3          0          0   (incl. Padding)

    ----------------------------------------------------------------------

      Code (inc. data)   RO Data    RW Data    ZI Data      Debug   Library Member Name

        86          0          0          0          0          0   __dczerorl2.o
         0          0          0          0          0          0   entry.o
         0          0          0          0          0          0   entry10a.o
         0          0          0          0          0          0   entry11a.o
         4          0          0          0          0          0   entry12b.o
         8          4          0          0          0          0   entry2.o
         4          0          0          0          0          0   entry5.o
         0          0          0          0          0          0   entry7b.o
         0          0          0          0          0          0   entry8b.o
         8          4          0          0          0          0   entry9a.o
        30          0          0          0          0          0   handlers.o
        36          8          0          0          0         68   init.o
        64          0          0          0          0         76   memmovea.o
        36          0          0          0          0        108   memseta.o

    ----------------------------------------------------------------------
       276         16          0          0          0        252   Library Totals
         0          0          0          0          0          0   (incl. Padding)

    ----------------------------------------------------------------------

      Code (inc. data)   RO Data    RW Data    ZI Data      Debug   Library Name

       276         16          0          0          0        252   mc_w.l

    ----------------------------------------------------------------------
       276         16          0          0          0        252   Library Totals

    ----------------------------------------------------------------------

==============================================================================


      Code (inc. data)   RO Data    RW Data    ZI Data      Debug   

      9344        702       1224        404     111572     485447   Grand Totals
      9344        702       1224        120     111572     485447   ELF Image Totals (compressed)
      9344        702       1224        120          0          0   ROM Totals

==============================================================================

    Total RO  Size (Code + RO Data)                10568 (  10.32kB)
    Total RW  Size (RW Data + ZI Data)            111976 ( 109.35kB)
    Total ROM Size (Code + RO Data + RW Data)      10688 (  10.44kB)

==============================================================================

